Component: ARM Compiler 5.06 update 7 (build 960) Tool: armlink [4d3601]

==============================================================================

Section Cross References

    startup_stm32f103xe.o(STACK) refers (Special) to heapauxi.o(.text) for __use_two_region_memory
    startup_stm32f103xe.o(HEAP) refers (Special) to heapauxi.o(.text) for __use_two_region_memory
    startup_stm32f103xe.o(RESET) refers (Special) to heapauxi.o(.text) for __use_two_region_memory
    startup_stm32f103xe.o(RESET) refers to startup_stm32f103xe.o(STACK) for __initial_sp
    startup_stm32f103xe.o(RESET) refers to startup_stm32f103xe.o(.text) for Reset_Handler
    startup_stm32f103xe.o(RESET) refers to stm32f1xx_it.o(i.NMI_Handler) for NMI_Handler
    startup_stm32f103xe.o(RESET) refers to stm32f1xx_it.o(i.HardFault_Handler) for HardFault_Handler
    startup_stm32f103xe.o(RESET) refers to stm32f1xx_it.o(i.MemManage_Handler) for MemManage_Handler
    startup_stm32f103xe.o(RESET) refers to stm32f1xx_it.o(i.BusFault_Handler) for BusFault_Handler
    startup_stm32f103xe.o(RESET) refers to stm32f1xx_it.o(i.UsageFault_Handler) for UsageFault_Handler
    startup_stm32f103xe.o(RESET) refers to stm32f1xx_it.o(i.SVC_Handler) for SVC_Handler
    startup_stm32f103xe.o(RESET) refers to stm32f1xx_it.o(i.DebugMon_Handler) for DebugMon_Handler
    startup_stm32f103xe.o(RESET) refers to stm32f1xx_it.o(i.PendSV_Handler) for PendSV_Handler
    startup_stm32f103xe.o(RESET) refers to stm32f1xx_it.o(i.SysTick_Handler) for SysTick_Handler
    startup_stm32f103xe.o(RESET) refers to stm32f1xx_it.o(i.DMA1_Channel1_IRQHandler) for DMA1_Channel1_IRQHandler
    startup_stm32f103xe.o(RESET) refers to stm32f1xx_it.o(i.USB_LP_CAN1_RX0_IRQHandler) for USB_LP_CAN1_RX0_IRQHandler
    startup_stm32f103xe.o(RESET) refers to stm32f1xx_it.o(i.USART1_IRQHandler) for USART1_IRQHandler
    startup_stm32f103xe.o(.text) refers (Special) to heapauxi.o(.text) for __use_two_region_memory
    startup_stm32f103xe.o(.text) refers to system_stm32f1xx.o(i.SystemInit) for SystemInit
    startup_stm32f103xe.o(.text) refers to __main.o(!!!main) for __main
    startup_stm32f103xe.o(.text) refers to startup_stm32f103xe.o(HEAP) for Heap_Mem
    startup_stm32f103xe.o(.text) refers to startup_stm32f103xe.o(STACK) for Stack_Mem
    main.o(i.SystemClock_Config) refers to rt_memclr_w.o(.text) for __aeabi_memclr4
    main.o(i.SystemClock_Config) refers to stm32f1xx_hal_rcc.o(i.HAL_RCC_OscConfig) for HAL_RCC_OscConfig
    main.o(i.SystemClock_Config) refers to stm32f1xx_hal_rcc.o(i.HAL_RCC_ClockConfig) for HAL_RCC_ClockConfig
    main.o(i.SystemClock_Config) refers to stm32f1xx_hal_rcc_ex.o(i.HAL_RCCEx_PeriphCLKConfig) for HAL_RCCEx_PeriphCLKConfig
    main.o(i.main) refers to stm32f1xx_hal.o(i.HAL_Init) for HAL_Init
    main.o(i.main) refers to main.o(i.SystemClock_Config) for SystemClock_Config
    main.o(i.main) refers to gpio.o(i.MX_GPIO_Init) for MX_GPIO_Init
    main.o(i.main) refers to dma.o(i.MX_DMA_Init) for MX_DMA_Init
    main.o(i.main) refers to adc.o(i.MX_ADC1_Init) for MX_ADC1_Init
    main.o(i.main) refers to can.o(i.MX_CAN_Init) for MX_CAN_Init
    main.o(i.main) refers to tim.o(i.MX_TIM1_Init) for MX_TIM1_Init
    main.o(i.main) refers to tim.o(i.MX_TIM2_Init) for MX_TIM2_Init
    main.o(i.main) refers to tim.o(i.MX_TIM3_Init) for MX_TIM3_Init
    main.o(i.main) refers to tim.o(i.MX_TIM4_Init) for MX_TIM4_Init
    main.o(i.main) refers to tim.o(i.MX_TIM8_Init) for MX_TIM8_Init
    main.o(i.main) refers to usart.o(i.MX_USART1_UART_Init) for MX_USART1_UART_Init
    main.o(i.main) refers to stm32f1xx_hal_gpio.o(i.HAL_GPIO_ReadPin) for HAL_GPIO_ReadPin
    main.o(i.main) refers to stm32f1xx_hal_tim.o(i.HAL_TIM_PWM_Start) for HAL_TIM_PWM_Start
    main.o(i.main) refers to stm32f1xx_hal_tim.o(i.HAL_TIM_Encoder_Start) for HAL_TIM_Encoder_Start
    main.o(i.main) refers to stm32f1xx_hal_can.o(i.HAL_CAN_Start) for HAL_CAN_Start
    main.o(i.main) refers to stm32f1xx_hal_gpio.o(i.HAL_GPIO_WritePin) for HAL_GPIO_WritePin
    main.o(i.main) refers to stm32f1xx_hal.o(i.HAL_Delay) for HAL_Delay
    main.o(i.main) refers to debug_console.o(i.Console_Init) for Console_Init
    main.o(i.main) refers to stm32f1xx_hal.o(i.HAL_GetTick) for HAL_GetTick
    main.o(i.main) refers to stm32f1xx_hal_gpio.o(i.HAL_GPIO_TogglePin) for HAL_GPIO_TogglePin
    main.o(i.main) refers to debug_console.o(i.Console_Println) for Console_Println
    main.o(i.main) refers to main.o(.bss) for .bss
    main.o(i.main) refers to tim.o(.bss) for htim1
    main.o(i.main) refers to can.o(.bss) for hcan
    main.o(i.main) refers to main.o(.data) for .data
    gpio.o(i.MX_GPIO_Init) refers to stm32f1xx_hal_gpio.o(i.HAL_GPIO_Init) for HAL_GPIO_Init
    adc.o(i.HAL_ADC_MspDeInit) refers to stm32f1xx_hal_gpio.o(i.HAL_GPIO_DeInit) for HAL_GPIO_DeInit
    adc.o(i.HAL_ADC_MspDeInit) refers to stm32f1xx_hal_dma.o(i.HAL_DMA_DeInit) for HAL_DMA_DeInit
[...]
    _printf_o                                0x080001e5   Thumb Code     0  _printf_o.o(.ARM.Collect$$_printf_percent$$0000000B)
    _printf_x                                0x080001eb   Thumb Code     0  _printf_x.o(.ARM.Collect$$_printf_percent$$0000000C)
    _printf_lli                              0x080001f1   Thumb Code     0  _printf_lli.o(.ARM.Collect$$_printf_percent$$0000000D)
    _printf_lld                              0x080001f7   Thumb Code     0  _printf_lld.o(.ARM.Collect$$_printf_percent$$0000000E)
    _printf_llu                              0x080001fd   Thumb Code     0  _printf_llu.o(.ARM.Collect$$_printf_percent$$0000000F)
    _printf_llo                              0x08000203   Thumb Code     0  _printf_llo.o(.ARM.Collect$$_printf_percent$$00000010)
    _printf_llx                              0x08000209   Thumb Code     0  _printf_llx.o(.ARM.Collect$$_printf_percent$$00000011)
    _printf_l                                0x0800020f   Thumb Code     0  _printf_l.o(.ARM.Collect$$_printf_percent$$00000012)
    _printf_c                                0x08000219   Thumb Code     0  _printf_c.o(.ARM.Collect$$_printf_percent$$00000013)
    _printf_s                                0x0800021f   Thumb Code     0  _printf_s.o(.ARM.Collect$$_printf_percent$$00000014)
    _printf_lc                               0x08000225   Thumb Code     0  _printf_lc.o(.ARM.Collect$$_printf_percent$$00000015)
    _printf_ls                               0x0800022b   Thumb Code     0  _printf_ls.o(.ARM.Collect$$_printf_percent$$00000016)
    _printf_percent_end                      0x08000231   Thumb Code     0  _printf_percent_end.o(.ARM.Collect$$_printf_percent$$00000017)
    __rt_lib_init                            0x08000235   Thumb Code     0  libinit.o(.ARM.Collect$$libinit$$00000000)
    __rt_lib_init_fp_1                       0x08000237   Thumb Code     0  libinit2.o(.ARM.Collect$$libinit$$00000002)
    __rt_lib_init_heap_1                     0x08000237   Thumb Code     0  libinit2.o(.ARM.Collect$$libinit$$0000000A)
    __rt_lib_init_lc_common                  0x08000237   Thumb Code     0  libinit2.o(.ARM.Collect$$libinit$$0000000F)
    __rt_lib_init_preinit_1                  0x08000237   Thumb Code     0  libinit2.o(.ARM.Collect$$libinit$$00000004)
    __rt_lib_init_rand_1                     0x08000237   Thumb Code     0  libinit2.o(.ARM.Collect$$libinit$$0000000E)
    __rt_lib_init_user_alloc_1               0x08000237   Thumb Code     0  libinit2.o(.ARM.Collect$$libinit$$0000000C)
    __rt_lib_init_lc_collate_1               0x0800023d   Thumb Code     0  libinit2.o(.ARM.Collect$$libinit$$00000011)
    __rt_lib_init_lc_ctype_2                 0x0800023d   Thumb Code     0  libinit2.o(.ARM.Collect$$libinit$$00000012)
    __rt_lib_init_lc_ctype_1                 0x08000249   Thumb Code     0  libinit2.o(.ARM.Collect$$libinit$$00000013)
    __rt_lib_init_lc_monetary_1              0x08000249   Thumb Code     0  libinit2.o(.ARM.Collect$$libinit$$00000015)
    __rt_lib_init_lc_numeric_2               0x08000249   Thumb Code     0  libinit2.o(.ARM.Collect$$libinit$$00000016)
    __rt_lib_init_alloca_1                   0x08000253   Thumb Code     0  libinit2.o(.ARM.Collect$$libinit$$0000002E)
    __rt_lib_init_argv_1                     0x08000253   Thumb Code     0  libinit2.o(.ARM.Collect$$libinit$$0000002C)
    __rt_lib_init_atexit_1                   0x08000253   Thumb Code     0  libinit2.o(.ARM.Collect$$libinit$$0000001B)
    __rt_lib_init_clock_1                    0x08000253   Thumb Code     0  libinit2.o(.ARM.Collect$$libinit$$00000021)
    __rt_lib_init_cpp_1                      0x08000253   Thumb Code     0  libinit2.o(.ARM.Collect$$libinit$$00000032)
    __rt_lib_init_exceptions_1               0x08000253   Thumb Code     0  libinit2.o(.ARM.Collect$$libinit$$00000030)
    __rt_lib_init_fp_trap_1                  0x08000253   Thumb Code     0  libinit2.o(.ARM.Collect$$libinit$$0000001F)
    __rt_lib_init_getenv_1                   0x08000253   Thumb Code     0  libinit2.o(.ARM.Collect$$libinit$$00000023)
    __rt_lib_init_lc_numeric_1               0x08000253   Thumb Code     0  libinit2.o(.ARM.Collect$$libinit$$00000017)
    __rt_lib_init_lc_time_1                  0x08000253   Thumb Code     0  libinit2.o(.ARM.Collect$$libinit$$00000019)
    __rt_lib_init_return                     0x08000253   Thumb Code     0  libinit2.o(.ARM.Collect$$libinit$$00000033)
    __rt_lib_init_signal_1                   0x08000253   Thumb Code     0  libinit2.o(.ARM.Collect$$libinit$$0000001D)
    __rt_lib_init_stdio_1                    0x08000253   Thumb Code     0  libinit2.o(.ARM.Collect$$libinit$$00000025)
    __rt_lib_shutdown                        0x08000255   Thumb Code     0  libshutdown.o(.ARM.Collect$$libshutdown$$00000000)
    __rt_lib_shutdown_cpp_1                  0x08000257   Thumb Code     0  libshutdown2.o(.ARM.Collect$$libshutdown$$00000004)
    __rt_lib_shutdown_fini_1                 0x08000257   Thumb Code     0  libshutdown2.o(.ARM.Collect$$libshutdown$$00000002)
    __rt_lib_shutdown_fp_trap_1              0x08000257   Thumb Code     0  libshutdown2.o(.ARM.Collect$$libshutdown$$00000009)
    __rt_lib_shutdown_heap_1                 0x08000257   Thumb Code     0  libshutdown2.o(.ARM.Collect$$libshutdown$$00000011)
    __rt_lib_shutdown_return                 0x08000257   Thumb Code     0  libshutdown2.o(.ARM.Collect$$libshutdown$$00000012)
    __rt_lib_shutdown_signal_1               0x08000257   Thumb Code     0  libshutdown2.o(.ARM.Collect$$libshutdown$$0000000C)
    __rt_lib_shutdown_stdio_1                0x08000257   Thumb Code     0  libshutdown2.o(.ARM.Collect$$libshutdown$$00000006)
    __rt_lib_shutdown_user_alloc_1           0x08000257   Thumb Code     0  libshutdown2.o(.ARM.Collect$$libshutdown$$0000000E)
    __rt_entry                               0x08000259   Thumb Code     0  __rtentry.o(.ARM.Collect$$rtentry$$00000000)
    __rt_entry_presh_1                       0x08000259   Thumb Code     0  __rtentry2.o(.ARM.Collect$$rtentry$$00000002)
    __rt_entry_sh                            0x08000259   Thumb Code     0  __rtentry4.o(.ARM.Collect$$rtentry$$00000004)
    __rt_entry_li                            0x0800025f   Thumb Code     0  __rtentry2.o(.ARM.Collect$$rtentry$$0000000A)
    __rt_entry_postsh_1                      0x0800025f   Thumb Code     0  __rtentry2.o(.ARM.Collect$$rtentry$$00000009)
    __rt_entry_main                          0x08000263   Thumb Code     0  __rtentry2.o(.ARM.Collect$$rtentry$$0000000D)
    __rt_entry_postli_1                      0x08000263   Thumb Code     0  __rtentry2.o(.ARM.Collect$$rtentry$$0000000C)
    __rt_exit                                0x0800026b   Thumb Code     0  rtexit.o(.ARM.Collect$$rtexit$$00000000)
    __rt_exit_ls                             0x0800026d   Thumb Code     0  rtexit2.o(.ARM.Collect$$rtexit$$00000003)
    __rt_exit_prels_1                        0x0800026d   Thumb Code     0  rtexit2.o(.ARM.Collect$$rtexit$$00000002)
    __rt_exit_exit                           0x08000271   Thumb Code     0  rtexit2.o(.ARM.Collect$$rtexit$$00000004)
    Reset_Handler                            0x08000279   Thumb Code     8  startup_stm32f103xe.o(.text)
    ADC1_2_IRQHandler                        0x08000293   Thumb Code     0  startup_stm32f103xe.o(.text)
    ADC3_IRQHandler                          0x08000293   Thumb Code     0  startup_stm32f103xe.o(.text)
    CAN1_RX1_IRQHandler                      0x08000293   Thumb Code     0  startup_stm32f103xe.o(.text)
    CAN1_SCE_IRQHandler                      0x08000293   Thumb Code     0  startup_stm32f103xe.o(.text)
    DMA1_Channel2_IRQHandler                 0x08000293   Thumb Code     0  startup_stm32f103xe.o(.text)
    DMA1_Channel3_IRQHandler                 0x08000293   Thumb Code     0  startup_stm32f103xe.o(.text)
    DMA1_Channel4_IRQHandler                 0x08000293   Thumb Code     0  startup_stm32f103xe.o(.text)
    DMA1_Channel5_IRQHandler                 0x08000293   Thumb Code     0  startup_stm32f103xe.o(.text)
    DMA1_Channel6_IRQHandler                 0x08000293   Thumb Code     0  startup_stm32f103xe.o(.text)
    DMA1_Channel7_IRQHandler                 0x08000293   Thumb Code     0  startup_stm32f103xe.o(.text)
    DMA2_Channel1_IRQHandler                 0x08000293   Thumb Code     0  startup_stm32f103xe.o(.text)
    DMA2_Channel2_IRQHandler                 0x08000293   Thumb Code     0  startup_stm32f103xe.o(.text)
    DMA2_Channel3_IRQHandler                 0x08000293   Thumb Code     0  startup_stm32f103xe.o(.text)
    DMA2_Channel4_5_IRQHandler               0x08000293   Thumb Code     0  startup_stm32f103xe.o(.text)
    EXTI0_IRQHandler                         0x08000293   Thumb Code     0  startup_stm32f103xe.o(.text)
    EXTI15_10_IRQHandler                     0x08000293   Thumb Code     0  startup_stm32f103xe.o(.text)
    EXTI1_IRQHandler                         0x08000293   Thumb Code     0  startup_stm32f103xe.o(.text)
    EXTI2_IRQHandler                         0x08000293   Thumb Code     0  startup_stm32f103xe.o(.text)
    EXTI3_IRQHandler                         0x08000293   Thumb Code     0  startup_stm32f103xe.o(.text)
    EXTI4_IRQHandler                         0x08000293   Thumb Code     0  startup_stm32f103xe.o(.text)
    EXTI9_5_IRQHandler                       0x08000293   Thumb Code     0  startup_stm32f103xe.o(.text)
    FLASH_IRQHandler                         0x08000293   Thumb Code     0  startup_stm32f103xe.o(.text)
    FSMC_IRQHandler                          0x08000293   Thumb Code     0  startup_stm32f103xe.o(.text)
    I2C1_ER_IRQHandler                       0x08000293   Thumb Code     0  startup_stm32f103xe.o(.text)
    I2C1_EV_IRQHandler                       0x08000293   Thumb Code     0  startup_stm32f103xe.o(.text)
    I2C2_ER_IRQHandler                       0x08000293   Thumb Code     0  startup_stm32f103xe.o(.text)
    I2C2_EV_IRQHandler                       0x08000293   Thumb Code     0  startup_stm32f103xe.o(.text)
    PVD_IRQHandler                           0x08000293   Thumb Code     0  startup_stm32f103xe.o(.text)
    RCC_IRQHandler                           0x08000293   Thumb Code     0  startup_stm32f103xe.o(.text)
    RTC_Alarm_IRQHandler                     0x08000293   Thumb Code     0  startup_stm32f103xe.o(.text)
    RTC_IRQHandler                           0x08000293   Thumb Code     0  startup_stm32f103xe.o(.text)
    SDIO_IRQHandler                          0x08000293   Thumb Code     0  startup_stm32f103xe.o(.text)
    SPI1_IRQHandler                          0x08000293   Thumb Code     0  startup_stm32f103xe.o(.text)
    SPI2_IRQHandler                          0x08000293   Thumb Code     0  startup_stm32f103xe.o(.text)
    SPI3_IRQHandler                          0x08000293   Thumb Code     0  startup_stm32f103xe.o(.text)
    TAMPER_IRQHandler                        0x08000293   Thumb Code     0  startup_stm32f103xe.o(.text)
    TIM1_BRK_IRQHandler                      0x08000293   Thumb Code     0  startup_stm32f103xe.o(.text)
    TIM1_CC_IRQHandler                       0x08000293   Thumb Code     0  startup_stm32f103xe.o(.text)
    TIM1_TRG_COM_IRQHandler                  0x08000293   Thumb Code     0  startup_stm32f103xe.o(.text)
    TIM1_UP_IRQHandler                       0x08000293   Thumb Code     0  startup_stm32f103xe.o(.text)
    TIM2_IRQHandler                          0x08000293   Thumb Code     0  startup_stm32f103xe.o(.text)
    TIM3_IRQHandler                          0x08000293   Thumb Code     0  startup_stm32f103xe.o(.text)
    TIM4_IRQHandler                          0x08000293   Thumb Code     0  startup_stm32f103xe.o(.text)
    TIM5_IRQHandler                          0x08000293   Thumb Code     0  startup_stm32f103xe.o(.text)
    TIM6_IRQHandler                          0x08000293   Thumb Code     0  startup_stm32f103xe.o(.text)
    TIM7_IRQHandler                          0x08000293   Thumb Code     0  startup_stm32f103xe.o(.text)
    TIM8_BRK_IRQHandler                      0x08000293   Thumb Code     0  startup_stm32f103xe.o(.text)
    TIM8_CC_IRQHandler                       0x08000293   Thumb Code     0  startup_stm32f103xe.o(.text)
    TIM8_TRG_COM_IRQHandler                  0x08000293   Thumb Code     0  startup_stm32f103xe.o(.text)
    TIM8_UP_IRQHandler                       0x08000293   Thumb Code     0  startup_stm32f103xe.o(.text)
    UART4_IRQHandler                         0x08000293   Thumb Code     0  startup_stm32f103xe.o(.text)
    UART5_IRQHandler                         0x08000293   Thumb Code     0  startup_stm32f103xe.o(.text)
    USART2_IRQHandler                        0x08000293   Thumb Code     0  startup_stm32f103xe.o(.text)
    USART3_IRQHandler                        0x08000293   Thumb Code     0  startup_stm32f103xe.o(.text)
    USBWakeUp_IRQHandler                     0x08000293   Thumb Code     0  startup_stm32f103xe.o(.text)
    USB_HP_CAN1_TX_IRQHandler                0x08000293   Thumb Code     0  startup_stm32f103xe.o(.text)
    WWDG_IRQHandler                          0x08000293   Thumb Code     0  startup_stm32f103xe.o(.text)
    __user_initial_stackheap                 0x08000295   Thumb Code     0  startup_stm32f103xe.o(.text)
    tolower                                  0x080002b9   Thumb Code    26  tolower.o(.text)
    vsnprintf                                0x080002d5   Thumb Code    48  vsnprintf.o(.text)
    atoi                                     0x08000309   Thumb Code    26  atoi.o(.text)
    strlen                                   0x08000323   Thumb Code    62  strlen.o(.text)
    __aeabi_memcpy                           0x08000361   Thumb Code     0  rt_memcpy_v6.o(.text)
    __rt_memcpy                              0x08000361   Thumb Code   138  rt_memcpy_v6.o(.text)
    _memcpy_lastbytes                        0x080003c7   Thumb Code     0  rt_memcpy_v6.o(.text)
    __aeabi_memcpy4                          0x080003eb   Thumb Code     0  rt_memcpy_w.o(.text)
    __aeabi_memcpy8                          0x080003eb   Thumb Code     0  rt_memcpy_w.o(.text)
    __rt_memcpy_w                            0x080003eb   Thumb Code   100  rt_memcpy_w.o(.text)
    _memcpy_lastbytes_aligned                0x08000433   Thumb Code     0  rt_memcpy_w.o(.text)
    __aeabi_memclr                           0x0800044f   Thumb Code     0  rt_memclr.o(.text)
    __rt_memclr                              0x0800044f   Thumb Code    68  rt_memclr.o(.text)
    _memset                                  0x08000453   Thumb Code     0  rt_memclr.o(.text)
    __aeabi_memclr4                          0x08000493   Thumb Code     0  rt_memclr_w.o(.text)
    __aeabi_memclr8                          0x08000493   Thumb Code     0  rt_memclr_w.o(.text)
    __rt_memclr_w                            0x08000493   Thumb Code    78  rt_memclr_w.o(.text)
    _memset_w                                0x08000497   Thumb Code     0  rt_memclr_w.o(.text)
    strcmp                                   0x080004e1   Thumb Code   128  strcmpv7m.o(.text)
    __use_two_region_memory                  0x08000561   Thumb Code     2  heapauxi.o(.text)
    __rt_heap_escrow$2region                 0x08000563   Thumb Code     2  heapauxi.o(.text)
    __rt_heap_expand$2region                 0x08000565   Thumb Code     2  heapauxi.o(.text)
    __rt_ctype_table                         0x08000569   Thumb Code    16  rt_ctype_table.o(.text)
    __aeabi_errno_addr                       0x08000579   Thumb Code     8  rt_errno_addr_intlibspace.o(.text)
    __errno$intlibspace                      0x08000579   Thumb Code     0  rt_errno_addr_intlibspace.o(.text)
    __rt_errno_addr$intlibspace              0x08000579   Thumb Code     0  rt_errno_addr_intlibspace.o(.text)
    __read_errno                             0x08000581   Thumb Code    10  _rserrno.o(.text)
    __set_errno                              0x0800058b   Thumb Code    12  _rserrno.o(.text)
    _printf_pre_padding                      0x08000597   Thumb Code    44  _printf_pad.o(.text)
    _printf_post_padding                     0x080005c3   Thumb Code    34  _printf_pad.o(.text)
    _printf_truncate_signed                  0x080005e5   Thumb Code    18  _printf_truncate.o(.text)
    _printf_truncate_unsigned                0x080005f7   Thumb Code    18  _printf_truncate.o(.text)
    _printf_str                              0x08000609   Thumb Code    82  _printf_str.o(.text)
    _printf_int_dec                          0x0800065d   Thumb Code   104  _printf_dec.o(.text)
    _printf_charcount                        0x080006d5   Thumb Code    40  _printf_charcount.o(.text)
    _printf_char_common                      0x08000707   Thumb Code    32  _printf_char_common.o(.text)
    _sputc                                   0x0800072d   Thumb Code    10  _sputc.o(.text)
    _snputc                                  0x08000737   Thumb Code    16  _snputc.o(.text)
    _printf_wctomb                           0x08000749   Thumb Code   182  _printf_wctomb.o(.text)
    _printf_longlong_dec                     0x08000805   Thumb Code   108  _printf_longlong_dec.o(.text)
    _printf_longlong_oct                     0x08000881   Thumb Code    66  _printf_oct_int_ll.o(.text)
    _printf_int_oct                          0x080008c3   Thumb Code    24  _printf_oct_int_ll.o(.text)
    _printf_ll_oct                           0x080008db   Thumb Code    12  _printf_oct_int_ll.o(.text)
    _printf_longlong_hex                     0x080008f1   Thumb Code    86  _printf_hex_int_ll_ptr.o(.text)
    _printf_int_hex                          0x08000947   Thumb Code    28  _printf_hex_int_ll_ptr.o(.text)
    _printf_ll_hex                           0x08000963   Thumb Code    12  _printf_hex_int_ll_ptr.o(.text)
    _printf_hex_ptr                          0x0800096f   Thumb Code    18  _printf_hex_int_ll_ptr.o(.text)
    __printf                                 0x08000985   Thumb Code   388  __printf_flags_ss_wp.o(.text)
    __strtod_int                             0x08000b49   Thumb Code    90  strtod.o(.text)
    strtol                                   0x08000bb1   Thumb Code   112  strtol.o(.text)
    __user_libspace                          0x08000c21   Thumb Code     8  libspace.o(.text)
    __user_perproc_libspace                  0x08000c21   Thumb Code     0  libspace.o(.text)
    __user_perthread_libspace                0x08000c21   Thumb Code     0  libspace.o(.text)
    __rt_locale                              0x08000c29   Thumb Code     8  rt_locale_intlibspace.o(.text)
    _ll_udiv10                               0x08000c31   Thumb Code   138  lludiv10.o(.text)
    isspace                                  0x08000cbb   Thumb Code    18  isspace.o(.text)
    _printf_int_common                       0x08000ccd   Thumb Code   178  _printf_intcommon.o(.text)
    __lib_sel_fp_printf                      0x08000d7f   Thumb Code     2  _printf_fp_dec.o(.text)
    _printf_fp_dec_real                      0x08000f31   Thumb Code   620  _printf_fp_dec.o(.text)
    _printf_fp_hex_real                      0x0800119d   Thumb Code   756  _printf_fp_hex.o(.text)
    _printf_cs_common                        0x08001499   Thumb Code    20  _printf_char.o(.text)
    _printf_char                             0x080014ad   Thumb Code    16  _printf_char.o(.text)
    _printf_string                           0x080014bd   Thumb Code     8  _printf_char.o(.text)
    _printf_lcs_common                       0x080014c5   Thumb Code    20  _printf_wchar.o(.text)
    _printf_wchar                            0x080014d9   Thumb Code    16  _printf_wchar.o(.text)
    _printf_wstring                          0x080014e9   Thumb Code     8  _printf_wchar.o(.text)
    _sgetc                                   0x080014f1   Thumb Code    30  _sgetc.o(.text)
    _sbackspace                              0x0800150f   Thumb Code    34  _sgetc.o(.text)
    _strtoul                                 0x08001531   Thumb Code   158  _strtoul.o(.text)
    _wcrtomb                                 0x080015cf   Thumb Code    64  _wcrtomb.o(.text)
    __user_setup_stackheap                   0x0800160f   Thumb Code    74  sys_stackheap_outer.o(.text)
    _printf_fp_infnan                        0x08001659   Thumb Code   112  _printf_fp_infnan.o(.text)
    _chval                                   0x080016d9   Thumb Code    28  _chval.o(.text)
    _scanf_really_real                       0x08001941   Thumb Code   684  scanf_fp.o(.text)
    _btod_etento                             0x08001bed   Thumb Code   224  bigflt0.o(.text)
    exit                                     0x08001cd1   Thumb Code    18  exit.o(.text)
    _scanf_really_hex_real                   0x08001ce5   Thumb Code   786  scanf_hexfp.o(.text)
    _scanf_really_infnan                     0x08002005   Thumb Code   292  scanf_infnan.o(.text)
    _sys_exit                                0x08002139   Thumb Code     8  sys_exit.o(.text)
    __aeabi_llsl                             0x08002145   Thumb Code     0  llshl.o(.text)
    _ll_shift_l                              0x08002145   Thumb Code    38  llshl.o(.text)
    __I$use$semihosting                      0x0800216b   Thumb Code     0  use_no_semi.o(.text)
    __use_no_semihosting_swi                 0x0800216b   Thumb Code     2  use_no_semi.o(.text)
    __semihosting_library_function           0x0800216d   Thumb Code     0  indicate_semi.o(.text)
    _btod_d2e                                0x0800216d   Thumb Code    62  btod.o(CL$$btod_d2e)
    _d2e_denorm_low                          0x080021ab   Thumb Code    70  btod.o(CL$$btod_d2e_denorm_low)
    _d2e_norm_op1                            0x080021f1   Thumb Code    96  btod.o(CL$$btod_d2e_norm_op1)
    __btod_div_common                        0x08002251   Thumb Code   696  btod.o(CL$$btod_div_common)
    _e2d                                     0x08002589   Thumb Code   122  btod.o(CL$$btod_e2d)
    _e2e                                     0x0800260d   Thumb Code   220  btod.o(CL$$btod_e2e)
    _btod_ediv                               0x080026e9   Thumb Code    42  btod.o(CL$$btod_ediv)
    _btod_edivd                              0x08002713   Thumb Code    42  btod.o(CL$$btod_edivd)
    _btod_emul                               0x0800273d   Thumb Code    42  btod.o(CL$$btod_emul)
    _btod_emuld                              0x08002767   Thumb Code    42  btod.o(CL$$btod_emuld)
    __btod_mult_common                       0x08002791   Thumb Code   580  btod.o(CL$$btod_mult_common)
    ADC_ConversionStop_Disable               0x080029d5   Thumb Code    86  stm32f1xx_hal_adc.o(i.ADC_ConversionStop_Disable)
    BusFault_Handler                         0x08002a2b   Thumb Code     2  stm32f1xx_it.o(i.BusFault_Handler)
    Console_Init                             0x080032e5   Thumb Code    88  debug_console.o(i.Console_Init)
    Console_Print                            0x080033f9   Thumb Code    44  debug_console.o(i.Console_Print)
    Console_Println                          0x08003429   Thumb Code    52  debug_console.o(i.Console_Println)
    Console_Process                          0x08003461   Thumb Code   182  debug_console.o(i.Console_Process)
    Console_PutByte                          0x08003535   Thumb Code    16  debug_console.o(i.Console_PutByte)
    Console_RxCallback                       0x08003549   Thumb Code   150  debug_console.o(i.Console_RxCallback)
    DMA1_Channel1_IRQHandler                 0x080035f1   Thumb Code     6  stm32f1xx_it.o(i.DMA1_Channel1_IRQHandler)
    DebugMon_Handler                         0x080035fd   Thumb Code     2  stm32f1xx_it.o(i.DebugMon_Handler)
    Error_Handler                            0x080035ff   Thumb Code     4  main.o(i.Error_Handler)
    HAL_ADC_ConfigChannel                    0x08003605   Thumb Code   240  stm32f1xx_hal_adc.o(i.HAL_ADC_ConfigChannel)
    HAL_ADC_Init                             0x08003701   Thumb Code   272  stm32f1xx_hal_adc.o(i.HAL_ADC_Init)
    HAL_ADC_MspInit                          0x08003821   Thumb Code   122  adc.o(i.HAL_ADC_MspInit)
    HAL_CAN_ErrorCallback                    0x080038b1   Thumb Code     2  stm32f1xx_hal_can.o(i.HAL_CAN_ErrorCallback)
    HAL_CAN_IRQHandler                       0x080038b3   Thumb Code   508  stm32f1xx_hal_can.o(i.HAL_CAN_IRQHandler)
    HAL_CAN_Init                             0x08003aaf   Thumb Code   282  stm32f1xx_hal_can.o(i.HAL_CAN_Init)
    HAL_CAN_MspInit                          0x08003bc9   Thumb Code   112  can.o(i.HAL_CAN_MspInit)
    HAL_CAN_RxFifo0FullCallback              0x08003c45   Thumb Code     2  stm32f1xx_hal_can.o(i.HAL_CAN_RxFifo0FullCallback)
    HAL_CAN_RxFifo0MsgPendingCallback        0x08003c47   Thumb Code     2  stm32f1xx_hal_can.o(i.HAL_CAN_RxFifo0MsgPendingCallback)
    HAL_CAN_RxFifo1FullCallback              0x08003c49   Thumb Code     2  stm32f1xx_hal_can.o(i.HAL_CAN_RxFifo1FullCallback)
    HAL_CAN_RxFifo1MsgPendingCallback        0x08003c4b   Thumb Code     2  stm32f1xx_hal_can.o(i.HAL_CAN_RxFifo1MsgPendingCallback)
    HAL_CAN_SleepCallback                    0x08003c4d   Thumb Code     2  stm32f1xx_hal_can.o(i.HAL_CAN_SleepCallback)
    HAL_CAN_Start                            0x08003c51   Thumb Code    88  stm32f1xx_hal_can.o(i.HAL_CAN_Start)
    HAL_CAN_TxMailbox0AbortCallback          0x08003ca9   Thumb Code     2  stm32f1xx_hal_can.o(i.HAL_CAN_TxMailbox0AbortCallback)
    HAL_CAN_TxMailbox0CompleteCallback       0x08003cab   Thumb Code     2  stm32f1xx_hal_can.o(i.HAL_CAN_TxMailbox0CompleteCallback)
    HAL_CAN_TxMailbox1AbortCallback          0x08003cad   Thumb Code     2  stm32f1xx_hal_can.o(i.HAL_CAN_TxMailbox1AbortCallback)
    HAL_CAN_TxMailbox1CompleteCallback       0x08003caf   Thumb Code     2  stm32f1xx_hal_can.o(i.HAL_CAN_TxMailbox1CompleteCallback)
    HAL_CAN_TxMailbox2AbortCallback          0x08003cb1   Thumb Code     2  stm32f1xx_hal_can.o(i.HAL_CAN_TxMailbox2AbortCallback)
    HAL_CAN_TxMailbox2CompleteCallback       0x08003cb3   Thumb Code     2  stm32f1xx_hal_can.o(i.HAL_CAN_TxMailbox2CompleteCallback)
    HAL_CAN_WakeUpFromRxMsgCallback          0x08003cb5   Thumb Code     2  stm32f1xx_hal_can.o(i.HAL_CAN_WakeUpFromRxMsgCallback)
    HAL_DMA_Abort                            0x08003cb7   Thumb Code    70  stm32f1xx_hal_dma.o(i.HAL_DMA_Abort)
    HAL_DMA_Abort_IT                         0x08003cfd   Thumb Code   296  stm32f1xx_hal_dma.o(i.HAL_DMA_Abort_IT)
    HAL_DMA_IRQHandler                       0x08003e2d   Thumb Code   552  stm32f1xx_hal_dma.o(i.HAL_DMA_IRQHandler)
    HAL_DMA_Init                             0x08004075   Thumb Code   112  stm32f1xx_hal_dma.o(i.HAL_DMA_Init)
    HAL_Delay                                0x080040f1   Thumb Code    32  stm32f1xx_hal.o(i.HAL_Delay)
    HAL_GPIO_Init                            0x08004115   Thumb Code   462  stm32f1xx_hal_gpio.o(i.HAL_GPIO_Init)
    HAL_GPIO_ReadPin                         0x0800430d   Thumb Code    10  stm32f1xx_hal_gpio.o(i.HAL_GPIO_ReadPin)
    HAL_GPIO_TogglePin                       0x08004317   Thumb Code    16  stm32f1xx_hal_gpio.o(i.HAL_GPIO_TogglePin)
    HAL_GPIO_WritePin                        0x08004327   Thumb Code    10  stm32f1xx_hal_gpio.o(i.HAL_GPIO_WritePin)
    HAL_GetTick                              0x08004331   Thumb Code     6  stm32f1xx_hal.o(i.HAL_GetTick)
    HAL_IncTick                              0x0800433d   Thumb Code    12  stm32f1xx_hal.o(i.HAL_IncTick)
    HAL_Init                                 0x0800434d   Thumb Code    32  stm32f1xx_hal.o(i.HAL_Init)
    HAL_InitTick                             0x08004371   Thumb Code    54  stm32f1xx_hal.o(i.HAL_InitTick)
    HAL_MspInit                              0x080043b1   Thumb Code    52  stm32f1xx_hal_msp.o(i.HAL_MspInit)
    HAL_NVIC_EnableIRQ                       0x080043ed   Thumb Code    26  stm32f1xx_hal_cortex.o(i.HAL_NVIC_EnableIRQ)
    HAL_NVIC_SetPriority                     0x08004409   Thumb Code    60  stm32f1xx_hal_cortex.o(i.HAL_NVIC_SetPriority)
    HAL_NVIC_SetPriorityGrouping             0x08004449   Thumb Code    26  stm32f1xx_hal_cortex.o(i.HAL_NVIC_SetPriorityGrouping)
    HAL_RCCEx_PeriphCLKConfig                0x0800446d   Thumb Code   224  stm32f1xx_hal_rcc_ex.o(i.HAL_RCCEx_PeriphCLKConfig)
    HAL_RCC_ClockConfig                      0x08004559   Thumb Code   280  stm32f1xx_hal_rcc.o(i.HAL_RCC_ClockConfig)
    HAL_RCC_GetPCLK1Freq                     0x08004685   Thumb Code    20  stm32f1xx_hal_rcc.o(i.HAL_RCC_GetPCLK1Freq)
    HAL_RCC_GetPCLK2Freq                     0x080046a5   Thumb Code    20  stm32f1xx_hal_rcc.o(i.HAL_RCC_GetPCLK2Freq)
    HAL_RCC_GetSysClockFreq                  0x080046c5   Thumb Code    58  stm32f1xx_hal_rcc.o(i.HAL_RCC_GetSysClockFreq)
    HAL_RCC_OscConfig                        0x08004711   Thumb Code   778  stm32f1xx_hal_rcc.o(i.HAL_RCC_OscConfig)
    HAL_SYSTICK_Config                       0x08004a31   Thumb Code    40  stm32f1xx_hal_cortex.o(i.HAL_SYSTICK_Config)
    HAL_TIMEx_ConfigBreakDeadTime            0x08004a59   Thumb Code    84  stm32f1xx_hal_tim_ex.o(i.HAL_TIMEx_ConfigBreakDeadTime)
    HAL_TIMEx_MasterConfigSynchronization    0x08004aad   Thumb Code   104  stm32f1xx_hal_tim_ex.o(i.HAL_TIMEx_MasterConfigSynchronization)
    HAL_TIM_Base_Init                        0x08004b29   Thumb Code    90  stm32f1xx_hal_tim.o(i.HAL_TIM_Base_Init)
    HAL_TIM_Base_MspInit                     0x08004b85   Thumb Code    52  tim.o(i.HAL_TIM_Base_MspInit)
    HAL_TIM_ConfigClockSource                0x08004bc5   Thumb Code   220  stm32f1xx_hal_tim.o(i.HAL_TIM_ConfigClockSource)
    HAL_TIM_Encoder_Init                     0x08004ca1   Thumb Code   164  stm32f1xx_hal_tim.o(i.HAL_TIM_Encoder_Init)
    HAL_TIM_Encoder_MspInit                  0x08004d45   Thumb Code   182  tim.o(i.HAL_TIM_Encoder_MspInit)
    HAL_TIM_Encoder_Start                    0x08004e15   Thumb Code   142  stm32f1xx_hal_tim.o(i.HAL_TIM_Encoder_Start)
    HAL_TIM_MspPostInit                      0x08004ea5   Thumb Code   120  tim.o(i.HAL_TIM_MspPostInit)
    HAL_TIM_PWM_ConfigChannel                0x08004f35   Thumb Code   204  stm32f1xx_hal_tim.o(i.HAL_TIM_PWM_ConfigChannel)
    HAL_TIM_PWM_Init                         0x08005001   Thumb Code    90  stm32f1xx_hal_tim.o(i.HAL_TIM_PWM_Init)
    HAL_TIM_PWM_MspInit                      0x0800505b   Thumb Code     2  stm32f1xx_hal_tim.o(i.HAL_TIM_PWM_MspInit)
    HAL_TIM_PWM_Start                        0x0800505d   Thumb Code   160  stm32f1xx_hal_tim.o(i.HAL_TIM_PWM_Start)
    HAL_UARTEx_RxEventCallback               0x08005111   Thumb Code     2  stm32f1xx_hal_uart.o(i.HAL_UARTEx_RxEventCallback)
    HAL_UART_ErrorCallback                   0x08005113   Thumb Code     2  stm32f1xx_hal_uart.o(i.HAL_UART_ErrorCallback)
    HAL_UART_IRQHandler                      0x08005115   Thumb Code   616  stm32f1xx_hal_uart.o(i.HAL_UART_IRQHandler)
    HAL_UART_Init                            0x08005381   Thumb Code   100  stm32f1xx_hal_uart.o(i.HAL_UART_Init)
    HAL_UART_MspInit                         0x080053e5   Thumb Code   116  usart.o(i.HAL_UART_MspInit)
    HAL_UART_Receive_IT                      0x08005465   Thumb Code    28  stm32f1xx_hal_uart.o(i.HAL_UART_Receive_IT)
    HAL_UART_RxCpltCallback                  0x08005481   Thumb Code    14  usart.o(i.HAL_UART_RxCpltCallback)
    HAL_UART_Transmit                        0x08005495   Thumb Code   160  stm32f1xx_hal_uart.o(i.HAL_UART_Transmit)
    HAL_UART_TxCpltCallback                  0x08005535   Thumb Code     2  stm32f1xx_hal_uart.o(i.HAL_UART_TxCpltCallback)
    HardFault_Handler                        0x08005537   Thumb Code     2  stm32f1xx_it.o(i.HardFault_Handler)
    MX_ADC1_Init                             0x08005539   Thumb Code   110  adc.o(i.MX_ADC1_Init)
    MX_CAN_Init                              0x080055b1   Thumb Code    60  can.o(i.MX_CAN_Init)
    MX_DMA_Init                              0x080055f5   Thumb Code    40  dma.o(i.MX_DMA_Init)
    MX_GPIO_Init                             0x08005621   Thumb Code   164  gpio.o(i.MX_GPIO_Init)
    MX_TIM1_Init                             0x080056d5   Thumb Code   192  tim.o(i.MX_TIM1_Init)
    MX_TIM2_Init                             0x0800579d   Thumb Code   102  tim.o(i.MX_TIM2_Init)
    MX_TIM3_Init                             0x08005809   Thumb Code   100  tim.o(i.MX_TIM3_Init)
    MX_TIM4_Init                             0x08005875   Thumb Code   100  tim.o(i.MX_TIM4_Init)
    MX_TIM8_Init                             0x080058e1   Thumb Code   208  tim.o(i.MX_TIM8_Init)
    MX_USART1_UART_Init                      0x080059b9   Thumb Code    48  usart.o(i.MX_USART1_UART_Init)
    MemManage_Handler                        0x080059f1   Thumb Code     2  stm32f1xx_it.o(i.MemManage_Handler)
    Motor_SetDirection                       0x080059f5   Thumb Code    70  motor_driver.o(i.Motor_SetDirection)
    Motor_SetPWM                             0x08005a41   Thumb Code    92  motor_driver.o(i.Motor_SetPWM)
    NMI_Handler                              0x08005aa9   Thumb Code     2  stm32f1xx_it.o(i.NMI_Handler)
    PendSV_Handler                           0x08005aab   Thumb Code     2  stm32f1xx_it.o(i.PendSV_Handler)
    SVC_Handler                              0x08005aad   Thumb Code     2  stm32f1xx_it.o(i.SVC_Handler)
    SysTick_Handler                          0x08005aaf   Thumb Code     4  stm32f1xx_it.o(i.SysTick_Handler)
    SystemClock_Config                       0x08005ab3   Thumb Code   122  main.o(i.SystemClock_Config)
    SystemInit                               0x08005b2d   Thumb Code     2  system_stm32f1xx.o(i.SystemInit)
    TIM_Base_SetConfig                       0x08005b31   Thumb Code   134  stm32f1xx_hal_tim.o(i.TIM_Base_SetConfig)
    TIM_CCxChannelCmd                        0x08005bcd   Thumb Code    26  stm32f1xx_hal_tim.o(i.TIM_CCxChannelCmd)
    TIM_ETR_SetConfig                        0x08005be7   Thumb Code    20  stm32f1xx_hal_tim.o(i.TIM_ETR_SetConfig)
    TIM_OC2_SetConfig                        0x08005c6d   Thumb Code    98  stm32f1xx_hal_tim.o(i.TIM_OC2_SetConfig)
    UART_Start_Receive_IT                    0x08005fb1   Thumb Code    54  stm32f1xx_hal_uart.o(i.UART_Start_Receive_IT)
    USART1_IRQHandler                        0x08006059   Thumb Code     6  stm32f1xx_it.o(i.USART1_IRQHandler)
    USB_LP_CAN1_RX0_IRQHandler               0x08006065   Thumb Code     6  stm32f1xx_it.o(i.USB_LP_CAN1_RX0_IRQHandler)
    UsageFault_Handler                       0x08006071   Thumb Code     2  stm32f1xx_it.o(i.UsageFault_Handler)
    __ARM_fpclassify                         0x08006073   Thumb Code    40  fpclassify.o(i.__ARM_fpclassify)
    __mathlib_dbl_overflow                   0x080060bb   Thumb Code    14  dunder.o(i.__mathlib_dbl_overflow)
    __mathlib_dbl_underflow                  0x080060c9   Thumb Code    10  dunder.o(i.__mathlib_dbl_underflow)
    __mathlib_narrow                         0x080060d9   Thumb Code    16  narrow.o(i.__mathlib_narrow)
    __mathlib_tofloat                        0x080060e9   Thumb Code   184  narrow.o(i.__mathlib_tofloat)
    __support_ldexp                          0x080061a5   Thumb Code    22  ldexp.o(i.__support_ldexp)
    _is_digit                                0x080061bb   Thumb Code    14  __printf_wp.o(i._is_digit)
    atof                                     0x080061c9   Thumb Code    42  atof.o(i.atof)
    frexp                                    0x080061f5   Thumb Code    80  frexp.o(i.frexp)
    ldexp                                    0x0800624d   Thumb Code   116  ldexp.o(i.ldexp)
    main                                     0x080062c1   Thumb Code   476  main.o(i.main)
    _get_lc_ctype                            0x080064e5   Thumb Code    44  lc_ctype_c.o(locale$$code)
    _get_lc_numeric                          0x08006511   Thumb Code    44  lc_numeric_c.o(locale$$code)
    __aeabi_d2f                              0x0800653d   Thumb Code     0  d2f.o(x$fpl$d2f)
    _d2f                                     0x0800653d   Thumb Code    98  d2f.o(x$fpl$d2f)
    __fpl_dcheck_NaN1                        0x080065a1   Thumb Code    10  dcheck1.o(x$fpl$dcheck1)
    __fpl_dcmp_Inf                           0x080065b1   Thumb Code    24  dcmpi.o(x$fpl$dcmpinf)
    __aeabi_cdcmpeq                          0x080065c9   Thumb Code     0  deqf.o(x$fpl$deqf)
    _dcmpeq                                  0x080065c9   Thumb Code   120  deqf.o(x$fpl$deqf)
    __aeabi_cdcmple                          0x08006641   Thumb Code     0  dleqf.o(x$fpl$dleqf)
    _dcmple                                  0x08006641   Thumb Code   120  dleqf.o(x$fpl$dleqf)
    __fpl_dcmple_InfNaN                      0x080066a3   Thumb Code     0  dleqf.o(x$fpl$dleqf)
    __fpl_dnaninf                            0x080066b9   Thumb Code   156  dnaninf.o(x$fpl$dnaninf)
    __fpl_dretinf                            0x08006755   Thumb Code    12  dretinf.o(x$fpl$dretinf)
    __aeabi_cdrcmple                         0x08006761   Thumb Code     0  drleqf.o(x$fpl$drleqf)
    _drcmple                                 0x08006761   Thumb Code   108  drleqf.o(x$fpl$drleqf)
    __aeabi_f2d                              0x080067cd   Thumb Code     0  f2d.o(x$fpl$f2d)
    _f2d                                     0x080067cd   Thumb Code    86  f2d.o(x$fpl$f2d)
    __aeabi_fdiv                             0x08006825   Thumb Code     0  fdiv.o(x$fpl$fdiv)
    _fdiv                                    0x08006825   Thumb Code   384  fdiv.o(x$fpl$fdiv)
    __aeabi_i2f                              0x080069a9   Thumb Code     0  fflt_clz.o(x$fpl$fflt)
    _fflt                                    0x080069a9   Thumb Code    48  fflt_clz.o(x$fpl$fflt)
    __aeabi_fmul                             0x080069d9   Thumb Code     0  fmul.o(x$fpl$fmul)
    _fmul                                    0x080069d9   Thumb Code   258  fmul.o(x$fpl$fmul)
    __fpl_fnaninf                            0x08006adb   Thumb Code   140  fnaninf.o(x$fpl$fnaninf)
    __fpl_fretinf                            0x08006b67   Thumb Code    10  fretinf.o(x$fpl$fretinf)
    __ieee_status                            0x08006b71   Thumb Code     6  istatus.o(x$fpl$ieeestatus)
    _printf_fp_dec                           0x08006b77   Thumb Code     4  printf1.o(x$fpl$printf1)
    _printf_fp_hex                           0x08006b7b   Thumb Code     4  printf2.o(x$fpl$printf2)
    __fpl_return_NaN                         0x08006b7f   Thumb Code   100  retnan.o(x$fpl$retnan)
    __ARM_scalbn                             0x08006be3   Thumb Code    92  scalbn.o(x$fpl$scalbn)
    _scanf_real                              0x08006c3f   Thumb Code     4  scanf1.o(x$fpl$scanf1)
    _scanf_hex_real                          0x08006c43   Thumb Code     4  scanf2.o(x$fpl$scanf2)
    _scanf_infnan                            0x08006c47   Thumb Code     4  scanf2.o(x$fpl$scanf2)
    __fpl_cmpreturn                          0x08006c4b   Thumb Code    48  trapv.o(x$fpl$trapveneer)
    __I$use$fp                               0x08006c7a   Number         0  usenofp.o(x$fpl$usenofp)
    AHBPrescTable                            0x08006d42   Data          16  system_stm32f1xx.o(.constdata)
    APBPrescTable                            0x08006d52   Data           8  system_stm32f1xx.o(.constdata)
    Region$$Table$$Base                      0x08006fb0   Number         0  anon$$obj.o(Region$$Table)
    Region$$Table$$Limit                     0x08006fd0   Number         0  anon$$obj.o(Region$$Table)
    __aeabi_HUGE_VAL                         0x08006fd0   Data           0  fpconst.o(c$$dinf)
    __aeabi_HUGE_VALL                        0x08006fd0   Data           0  fpconst.o(c$$dinf)
    __aeabi_INFINITY                         0x08006fd0   Data           0  fpconst.o(c$$dinf)
    __dInf                                   0x08006fd0   Data           0  fpconst.o(c$$dinf)
    __huge_val                               0x08006fd0   Data           0  fpconst.o(c$$dinf)
    __dbl_max                                0x08006fd8   Data           0  fpconst.o(c$$dmax)
    __ctype                                  0x08006fed   Data           0  lc_ctype_c.o(locale$$data)
    uwTickFreq                               0x20000004   Data           1  stm32f1xx_hal.o(.data)
    uwTickPrio                               0x20000008   Data           4  stm32f1xx_hal.o(.data)
    uwTick                                   0x2000000c   Data           4  stm32f1xx_hal.o(.data)
    SystemCoreClock                          0x20000010   Data           4  system_stm32f1xx.o(.data)
    g_rst                                    0x20000014   Data         204  main.o(.bss)
    hadc1                                    0x200000e0   Data          48  adc.o(.bss)
    hdma_adc1                                0x20000110   Data          68  adc.o(.bss)
    hcan                                     0x20000154   Data          40  can.o(.bss)
    htim1                                    0x2000017c   Data          72  tim.o(.bss)
    htim2                                    0x200001c4   Data          72  tim.o(.bss)
    htim3                                    0x2000020c   Data          72  tim.o(.bss)
    htim4                                    0x20000254   Data          72  tim.o(.bss)
    htim8                                    0x2000029c   Data          72  tim.o(.bss)
    huart1                                   0x200002e4   Data          72  usart.o(.bss)
    __libspace_start                         0x2000042c   Data          96  libspace.o(.bss)
    __temporary_stack_top$libspace           0x2000048c   Data           0  libspace.o(.bss)



==============================================================================

Memory Map of the image

  Image Entry point : 0x08000131

  Load Region LR_IROM1 (Base: 0x08000000, Size: 0x00007120, Max: 0x00080000, ABSOLUTE)

    Execution Region ER_IROM1 (Exec base: 0x08000000, Load base: 0x08000000, Size: 0x0000710c, Max: 0x00080000, ABSOLUTE)

    Exec Addr    Load Addr    Size         Type   Attr      Idx    E Section Name        Object

    0x08000000   0x08000000   0x00000130   Data   RO            3    RESET               startup_stm32f103xe.o
    0x08000130   0x08000130   0x00000008   Code   RO         3682  * !!!main             c_w.l(__main.o)
    0x08000138   0x08000138   0x00000034   Code   RO         4137    !!!scatter          c_w.l(__scatter.o)
    0x0800016c   0x0800016c   0x0000001a   Code   RO         4139    !!handler_copy      c_w.l(__scatter_copy.o)
    0x08000186   0x08000186   0x00000002   PAD
    0x08000188   0x08000188   0x0000001c   Code   RO         4141    !!handler_zi        c_w.l(__scatter_zi.o)
    0x080001a4   0x080001a4   0x00000000   Code   RO         3797    .ARM.Collect$$_printf_percent$$00000000  c_w.l(_printf_percent.o)
    0x080001a4   0x080001a4   0x00000006   Code   RO         3786    .ARM.Collect$$_printf_percent$$00000001  c_w.l(_printf_n.o)
    0x080001aa   0x080001aa   0x00000006   Code   RO         3788    .ARM.Collect$$_printf_percent$$00000002  c_w.l(_printf_p.o)
    0x080001b0   0x080001b0   0x00000006   Code   RO         3793    .ARM.Collect$$_printf_percent$$00000003  c_w.l(_printf_f.o)
    0x080001b6   0x080001b6   0x00000006   Code   RO         3794    .ARM.Collect$$_printf_percent$$00000004  c_w.l(_printf_e.o)
    0x080001bc   0x080001bc   0x00000006   Code   RO         3795    .ARM.Collect$$_printf_percent$$00000005  c_w.l(_printf_g.o)
    0x080001c2   0x080001c2   0x00000006   Code   RO         3796    .ARM.Collect$$_printf_percent$$00000006  c_w.l(_printf_a.o)
    0x080001c8   0x080001c8   0x0000000a   Code   RO         3801    .ARM.Collect$$_printf_percent$$00000007  c_w.l(_printf_ll.o)
    0x080001d2   0x080001d2   0x00000006   Code   RO         3790    .ARM.Collect$$_printf_percent$$00000008  c_w.l(_printf_i.o)
    0x080001d8   0x080001d8   0x00000006   Code   RO         3791    .ARM.Collect$$_printf_percent$$00000009  c_w.l(_printf_d.o)
    0x080001de   0x080001de   0x00000006   Code   RO         3792    .ARM.Collect$$_printf_percent$$0000000A  c_w.l(_printf_u.o)
    0x080001e4   0x080001e4   0x00000006   Code   RO         3789    .ARM.Collect$$_printf_percent$$0000000B  c_w.l(_printf_o.o)
    0x080001ea   0x080001ea   0x00000006   Code   RO         3787    .ARM.Collect$$_printf_percent$$0000000C  c_w.l(_printf_x.o)
    0x080001f0   0x080001f0   0x00000006   Code   RO         3798    .ARM.Collect$$_printf_percent$$0000000D  c_w.l(_printf_lli.o)
    0x080001f6   0x080001f6   0x00000006   Code   RO         3799    .ARM.Collect$$_printf_percent$$0000000E  c_w.l(_printf_lld.o)
    0x080001fc   0x080001fc   0x00000006   Code   RO         3800    .ARM.Collect$$_printf_percent$$0000000F  c_w.l(_printf_llu.o)
    0x08000202   0x08000202   0x00000006   Code   RO         3805    .ARM.Collect$$_printf_percent$$00000010  c_w.l(_printf_llo.o)
    0x08000208   0x08000208   0x00000006   Code   RO         3806    .ARM.Collect$$_printf_percent$$00000011  c_w.l(_printf_llx.o)
    0x0800020e   0x0800020e   0x0000000a   Code   RO         3802    .ARM.Collect$$_printf_percent$$00000012  c_w.l(_printf_l.o)
    0x08000218   0x08000218   0x00000006   Code   RO         3784    .ARM.Collect$$_printf_percent$$00000013  c_w.l(_printf_c.o)
    0x0800021e   0x0800021e   0x00000006   Code   RO         3785    .ARM.Collect$$_printf_percent$$00000014  c_w.l(_printf_s.o)
    0x08000224   0x08000224   0x00000006   Code   RO         3803    .ARM.Collect$$_printf_percent$$00000015  c_w.l(_printf_lc.o)
    0x0800022a   0x0800022a   0x00000006   Code   RO         3804    .ARM.Collect$$_printf_percent$$00000016  c_w.l(_printf_ls.o)
    0x08000230   0x08000230   0x00000004   Code   RO         3868    .ARM.Collect$$_printf_percent$$00000017  c_w.l(_printf_percent_end.o)
    0x08000234   0x08000234   0x00000002   Code   RO         3923    .ARM.Collect$$libinit$$00000000  c_w.l(libinit.o)
    0x08000236   0x08000236   0x00000000   Code   RO         3925    .ARM.Collect$$libinit$$00000002  c_w.l(libinit2.o)
    0x08000236   0x08000236   0x00000000   Code   RO         3927    .ARM.Collect$$libinit$$00000004  c_w.l(libinit2.o)
    0x08000236   0x08000236   0x00000000   Code   RO         3930    .ARM.Collect$$libinit$$0000000A  c_w.l(libinit2.o)
    0x08000236   0x08000236   0x00000000   Code   RO         3932    .ARM.Collect$$libinit$$0000000C  c_w.l(libinit2.o)
    0x08000236   0x08000236   0x00000000   Code   RO         3934    .ARM.Collect$$libinit$$0000000E  c_w.l(libinit2.o)
    0x08000236   0x08000236   0x00000006   Code   RO         3935    .ARM.Collect$$libinit$$0000000F  c_w.l(libinit2.o)
    0x0800023c   0x0800023c   0x00000000   Code   RO         3937    .ARM.Collect$$libinit$$00000011  c_w.l(libinit2.o)
    0x0800023c   0x0800023c   0x0000000c   Code   RO         3938    .ARM.Collect$$libinit$$00000012  c_w.l(libinit2.o)
    0x08000248   0x08000248   0x00000000   Code   RO         3939    .ARM.Collect$$libinit$$00000013  c_w.l(libinit2.o)
    0x08000248   0x08000248   0x00000000   Code   RO         3941    .ARM.Collect$$libinit$$00000015  c_w.l(libinit2.o)
    0x08000248   0x08000248   0x0000000a   Code   RO         3942    .ARM.Collect$$libinit$$00000016  c_w.l(libinit2.o)
    0x08000252   0x08000252   0x00000000   Code   RO         3943    .ARM.Collect$$libinit$$00000017  c_w.l(libinit2.o)
    0x08000252   0x08000252   0x00000000   Code   RO         3945    .ARM.Collect$$libinit$$00000019  c_w.l(libinit2.o)
    0x08000252   0x08000252   0x00000000   Code   RO         3947    .ARM.Collect$$libinit$$0000001B  c_w.l(libinit2.o)
    0x08000252   0x08000252   0x00000000   Code   RO         3949    .ARM.Collect$$libinit$$0000001D  c_w.l(libinit2.o)
    0x08000252   0x08000252   0x00000000   Code   RO         3951    .ARM.Collect$$libinit$$0000001F  c_w.l(libinit2.o)
    0x08000252   0x08000252   0x00000000   Code   RO         3953    .ARM.Collect$$libinit$$00000021  c_w.l(libinit2.o)
    0x08000252   0x08000252   0x00000000   Code   RO         3955    .ARM.Collect$$libinit$$00000023  c_w.l(libinit2.o)
    0x08000252   0x08000252   0x00000000   Code   RO         3957    .ARM.Collect$$libinit$$00000025  c_w.l(libinit2.o)
    0x08000252   0x08000252   0x00000000   Code   RO         3961    .ARM.Collect$$libinit$$0000002C  c_w.l(libinit2.o)
    0x08000252   0x08000252   0x00000000   Code   RO         3963    .ARM.Collect$$libinit$$0000002E  c_w.l(libinit2.o)
    0x08000252   0x08000252   0x00000000   Code   RO         3965    .ARM.Collect$$libinit$$00000030  c_w.l(libinit2.o)
    0x08000252   0x08000252   0x00000000   Code   RO         3967    .ARM.Collect$$libinit$$00000032  c_w.l(libinit2.o)
    0x08000252   0x08000252   0x00000002   Code   RO         3968    .ARM.Collect$$libinit$$00000033  c_w.l(libinit2.o)
    0x08000254   0x08000254   0x00000002   Code   RO         4032    .ARM.Collect$$libshutdown$$00000000  c_w.l(libshutdown.o)
    0x08000256   0x08000256   0x00000000   Code   RO         4061    .ARM.Collect$$libshutdown$$00000002  c_w.l(libshutdown2.o)
    0x08000256   0x08000256   0x00000000   Code   RO         4063    .ARM.Collect$$libshutdown$$00000004  c_w.l(libshutdown2.o)
    0x08000256   0x08000256   0x00000000   Code   RO         4065    .ARM.Collect$$libshutdown$$00000006  c_w.l(libshutdown2.o)
    0x08000256   0x08000256   0x00000000   Code   RO         4068    .ARM.Collect$$libshutdown$$00000009  c_w.l(libshutdown2.o)
    0x08000256   0x08000256   0x00000000   Code   RO         4071    .ARM.Collect$$libshutdown$$0000000C  c_w.l(libshutdown2.o)
    0x08000256   0x08000256   0x00000000   Code   RO         4073    .ARM.Collect$$libshutdown$$0000000E  c_w.l(libshutdown2.o)
    0x08000256   0x08000256   0x00000000   Code   RO         4076    .ARM.Collect$$libshutdown$$00000011  c_w.l(libshutdown2.o)
    0x08000256   0x08000256   0x00000002   Code   RO         4077    .ARM.Collect$$libshutdown$$00000012  c_w.l(libshutdown2.o)
    0x08000258   0x08000258   0x00000000   Code   RO         3704    .ARM.Collect$$rtentry$$00000000  c_w.l(__rtentry.o)
    0x08000258   0x08000258   0x00000000   Code   RO         3832    .ARM.Collect$$rtentry$$00000002  c_w.l(__rtentry2.o)
    0x08000258   0x08000258   0x00000006   Code   RO         3844    .ARM.Collect$$rtentry$$00000004  c_w.l(__rtentry4.o)
    0x0800025e   0x0800025e   0x00000000   Code   RO         3834    .ARM.Collect$$rtentry$$00000009  c_w.l(__rtentry2.o)
    0x0800025e   0x0800025e   0x00000004   Code   RO         3835    .ARM.Collect$$rtentry$$0000000A  c_w.l(__rtentry2.o)
    0x08000262   0x08000262   0x00000000   Code   RO         3837    .ARM.Collect$$rtentry$$0000000C  c_w.l(__rtentry2.o)
    0x08000262   0x08000262   0x00000008   Code   RO         3838    .ARM.Collect$$rtentry$$0000000D  c_w.l(__rtentry2.o)
    0x0800026a   0x0800026a   0x00000002   Code   RO         3973    .ARM.Collect$$rtexit$$00000000  c_w.l(rtexit.o)
    0x0800026c   0x0800026c   0x00000000   Code   RO         3996    .ARM.Collect$$rtexit$$00000002  c_w.l(rtexit2.o)
    0x0800026c   0x0800026c   0x00000004   Code   RO         3997    .ARM.Collect$$rtexit$$00000003  c_w.l(rtexit2.o)
    0x08000270   0x08000270   0x00000006   Code   RO         3998    .ARM.Collect$$rtexit$$00000004  c_w.l(rtexit2.o)
    0x08000276   0x08000276   0x00000002   PAD
    0x08000278   0x08000278   0x00000040   Code   RO            4    .text               startup_stm32f103xe.o
    0x080002b8   0x080002b8   0x0000001a   Code   RO         3662    .text               c_w.l(tolower.o)
    0x080002d2   0x080002d2   0x00000002   PAD
    0x080002d4   0x080002d4   0x00000034   Code   RO         3664    .text               c_w.l(vsnprintf.o)
    0x08000308   0x08000308   0x0000001a   Code   RO         3666    .text               c_w.l(atoi.o)
    0x08000322   0x08000322   0x0000003e   Code   RO         3668    .text               c_w.l(strlen.o)
    0x08000360   0x08000360   0x0000008a   Code   RO         3670    .text               c_w.l(rt_memcpy_v6.o)
    0x080003ea   0x080003ea   0x00000064   Code   RO         3672    .text               c_w.l(rt_memcpy_w.o)
    0x0800044e   0x0800044e   0x00000044   Code   RO         3674    .text               c_w.l(rt_memclr.o)
    0x08000492   0x08000492   0x0000004e   Code   RO         3676    .text               c_w.l(rt_memclr_w.o)
    0x080004e0   0x080004e0   0x00000080   Code   RO         3678    .text               c_w.l(strcmpv7m.o)
    0x08000560   0x08000560   0x00000006   Code   RO         3680    .text               c_w.l(heapauxi.o)
    0x08000566   0x08000566   0x00000002   PAD
    0x08000568   0x08000568   0x00000010   Code   RO         3705    .text               c_w.l(rt_ctype_table.o)
    0x08000578   0x08000578   0x00000008   Code   RO         3710    .text               c_w.l(rt_errno_addr_intlibspace.o)
    0x08000580   0x08000580   0x00000016   Code   RO         3712    .text               c_w.l(_rserrno.o)
    0x08000596   0x08000596   0x0000004e   Code   RO         3716    .text               c_w.l(_printf_pad.o)
    0x080005e4   0x080005e4   0x00000024   Code   RO         3718    .text               c_w.l(_printf_truncate.o)
    0x08000608   0x08000608   0x00000052   Code   RO         3720    .text               c_w.l(_printf_str.o)
    0x0800065a   0x0800065a   0x00000002   PAD
    0x0800065c   0x0800065c   0x00000078   Code   RO         3722    .text               c_w.l(_printf_dec.o)
    0x080006d4   0x080006d4   0x00000028   Code   RO         3724    .text               c_w.l(_printf_charcount.o)
    0x080006fc   0x080006fc   0x00000030   Code   RO         3726    .text               c_w.l(_printf_char_common.o)
    0x0800072c   0x0800072c   0x0000000a   Code   RO         3728    .text               c_w.l(_sputc.o)
    0x08000736   0x08000736   0x00000010   Code   RO         3730    .text               c_w.l(_snputc.o)
    0x08000746   0x08000746   0x00000002   PAD
    0x08000748   0x08000748   0x000000bc   Code   RO         3732    .text               c_w.l(_printf_wctomb.o)
    0x08000804   0x08000804   0x0000007c   Code   RO         3735    .text               c_w.l(_printf_longlong_dec.o)
    0x08000880   0x08000880   0x00000070   Code   RO         3741    .text               c_w.l(_printf_oct_int_ll.o)
    0x080008f0   0x080008f0   0x00000094   Code   RO         3761    .text               c_w.l(_printf_hex_int_ll_ptr.o)
    0x08000984   0x08000984   0x00000188   Code   RO         3781    .text               c_w.l(__printf_flags_ss_wp.o)
    0x08000b0c   0x08000b0c   0x000000a4   Code   RO         3807    .text               c_w.l(strtod.o)
    0x08000bb0   0x08000bb0   0x00000070   Code   RO         3809    .text               c_w.l(strtol.o)
    0x08000c20   0x08000c20   0x00000008   Code   RO         3828    .text               c_w.l(libspace.o)
    0x08000c28   0x08000c28   0x00000008   Code   RO         3849    .text               c_w.l(rt_locale_intlibspace.o)
    0x08000c30   0x08000c30   0x0000008a   Code   RO         3851    .text               c_w.l(lludiv10.o)
    0x08000cba   0x08000cba   0x00000012   Code   RO         3853    .text               c_w.l(isspace.o)
    0x08000ccc   0x08000ccc   0x000000b2   Code   RO         3855    .text               c_w.l(_printf_intcommon.o)
    0x08000d7e   0x08000d7e   0x0000041e   Code   RO         3857    .text               c_w.l(_printf_fp_dec.o)
    0x0800119c   0x0800119c   0x000002fc   Code   RO         3859    .text               c_w.l(_printf_fp_hex.o)
    0x08001498   0x08001498   0x0000002c   Code   RO         3864    .text               c_w.l(_printf_char.o)
    0x080014c4   0x080014c4   0x0000002c   Code   RO         3866    .text               c_w.l(_printf_wchar.o)
    0x080014f0   0x080014f0   0x00000040   Code   RO         3869    .text               c_w.l(_sgetc.o)
    0x08001530   0x08001530   0x0000009e   Code   RO         3871    .text               c_w.l(_strtoul.o)
    0x080015ce   0x080015ce   0x00000040   Code   RO         3873    .text               c_w.l(_wcrtomb.o)
    0x0800160e   0x0800160e   0x0000004a   Code   RO         3883    .text               c_w.l(sys_stackheap_outer.o)
    0x08001658   0x08001658   0x00000080   Code   RO         3885    .text               c_w.l(_printf_fp_infnan.o)
    0x080016d8   0x080016d8   0x0000001c   Code   RO         3887    .text               c_w.l(_chval.o)
    0x080016f4   0x080016f4   0x000004f8   Code   RO         3889    .text               c_w.l(scanf_fp.o)
    0x08001bec   0x08001bec   0x000000e4   Code   RO         3891    .text               c_w.l(bigflt0.o)
    0x08001cd0   0x08001cd0   0x00000012   Code   RO         3916    .text               c_w.l(exit.o)
    0x08001ce2   0x08001ce2   0x00000002   PAD
    0x08001ce4   0x08001ce4   0x00000320   Code   RO         4002    .text               c_w.l(scanf_hexfp.o)
    0x08002004   0x08002004   0x00000134   Code   RO         4004    .text               c_w.l(scanf_infnan.o)
    0x08002138   0x08002138   0x0000000c   Code   RO         4020    .text               c_w.l(sys_exit.o)
    0x08002144   0x08002144   0x00000026   Code   RO         4024    .text               c_w.l(llshl.o)
    0x0800216a   0x0800216a   0x00000002   Code   RO         4051    .text               c_w.l(use_no_semi.o)
    0x0800216c   0x0800216c   0x00000000   Code   RO         4053    .text               c_w.l(indicate_semi.o)
    0x0800216c   0x0800216c   0x0000003e   Code   RO         3894    CL$$btod_d2e        c_w.l(btod.o)
    0x080021aa   0x080021aa   0x00000046   Code   RO         3896    CL$$btod_d2e_denorm_low  c_w.l(btod.o)
    0x080021f0   0x080021f0   0x00000060   Code   RO         3895    CL$$btod_d2e_norm_op1  c_w.l(btod.o)
    0x08002250   0x08002250   0x00000338   Code   RO         3904    CL$$btod_div_common  c_w.l(btod.o)
    0x08002588   0x08002588   0x00000084   Code   RO         3902    CL$$btod_e2d        c_w.l(btod.o)
    0x0800260c   0x0800260c   0x000000dc   Code   RO         3901    CL$$btod_e2e        c_w.l(btod.o)
    0x080026e8   0x080026e8   0x0000002a   Code   RO         3898    CL$$btod_ediv       c_w.l(btod.o)
    0x08002712   0x08002712   0x0000002a   Code   RO         3900    CL$$btod_edivd      c_w.l(btod.o)
    0x0800273c   0x0800273c   0x0000002a   Code   RO         3897    CL$$btod_emul       c_w.l(btod.o)
    0x08002766   0x08002766   0x0000002a   Code   RO         3899    CL$$btod_emuld      c_w.l(btod.o)
    0x08002790   0x08002790   0x00000244   Code   RO         3903    CL$$btod_mult_common  c_w.l(btod.o)
    0x080029d4   0x080029d4   0x00000056   Code   RO          800    i.ADC_ConversionStop_Disable  stm32f1xx_hal_adc.o
    0x08002a2a   0x08002a2a   0x00000002   Code   RO          467    i.BusFault_Handler  stm32f1xx_it.o
    0x08002a2c   0x08002a2c   0x00000078   Code   RO          585    i.Cmd_Adc           debug_console.o
    0x08002aa4   0x08002aa4   0x0000005c   Code   RO          586    i.Cmd_Btn           debug_console.o
    0x08002b00   0x08002b00   0x00000150   Code   RO          587    i.Cmd_Can           debug_console.o
    0x08002c50   0x08002c50   0x00000064   Code   RO          588    i.Cmd_Dip           debug_console.o
    0x08002cb4   0x08002cb4   0x000000c0   Code   RO          589    i.Cmd_Enc           debug_console.o
    0x08002d74   0x08002d74   0x00000058   Code   RO          590    i.Cmd_Help          debug_console.o
    0x08002dcc   0x08002dcc   0x000001b8   Code   RO          591    i.Cmd_Info          debug_console.o
    0x08002f84   0x08002f84   0x00000184   Code   RO          592    i.Cmd_Led           debug_console.o
    0x08003108   0x08003108   0x000000d0   Code   RO          593    i.Cmd_Pid           debug_console.o
    0x080031d8   0x080031d8   0x000000c8   Code   RO          594    i.Cmd_Pwm           debug_console.o
    0x080032a0   0x080032a0   0x00000044   Code   RO          595    i.Cmd_Reboot        debug_console.o
    0x080032e4   0x080032e4   0x00000114   Code   RO          596    i.Console_Init      debug_console.o
    0x080033f8   0x080033f8   0x00000030   Code   RO          597    i.Console_Print     debug_console.o
    0x08003428   0x08003428   0x00000038   Code   RO          598    i.Console_Println   debug_console.o
    0x08003460   0x08003460   0x000000d4   Code   RO          599    i.Console_Process   debug_console.o
    0x08003534   0x08003534   0x00000014   Code   RO          600    i.Console_PutByte   debug_console.o
    0x08003548   0x08003548   0x000000a8   Code   RO          601    i.Console_RxCallback  debug_console.o
    0x080035f0   0x080035f0   0x0000000c   Code   RO          468    i.DMA1_Channel1_IRQHandler  stm32f1xx_it.o
    0x080035fc   0x080035fc   0x00000002   Code   RO          469    i.DebugMon_Handler  stm32f1xx_it.o
    0x080035fe   0x080035fe   0x00000004   Code   RO           13    i.Error_Handler     main.o
    0x08003602   0x08003602   0x00000002   PAD
    0x08003604   0x08003604   0x000000fc   Code   RO          806    i.HAL_ADC_ConfigChannel  stm32f1xx_hal_adc.o
    0x08003700   0x08003700   0x00000120   Code   RO          815    i.HAL_ADC_Init      stm32f1xx_hal_adc.o
    0x08003820   0x08003820   0x00000090   Code   RO          228    i.HAL_ADC_MspInit   adc.o
    0x080038b0   0x080038b0   0x00000002   Code   RO         2059    i.HAL_CAN_ErrorCallback  stm32f1xx_hal_can.o
    0x080038b2   0x080038b2   0x000001fc   Code   RO         2066    i.HAL_CAN_IRQHandler  stm32f1xx_hal_can.o
    0x08003aae   0x08003aae   0x0000011a   Code   RO         2067    i.HAL_CAN_Init      stm32f1xx_hal_can.o
    0x08003bc8   0x08003bc8   0x0000007c   Code   RO          270    i.HAL_CAN_MspInit   can.o
    0x08003c44   0x08003c44   0x00000002   Code   RO         2074    i.HAL_CAN_RxFifo0FullCallback  stm32f1xx_hal_can.o
    0x08003c46   0x08003c46   0x00000002   Code   RO         2075    i.HAL_CAN_RxFifo0MsgPendingCallback  stm32f1xx_hal_can.o
    0x08003c48   0x08003c48   0x00000002   Code   RO         2076    i.HAL_CAN_RxFifo1FullCallback  stm32f1xx_hal_can.o
    0x08003c4a   0x08003c4a   0x00000002   Code   RO         2077    i.HAL_CAN_RxFifo1MsgPendingCallback  stm32f1xx_hal_can.o
    0x08003c4c   0x08003c4c   0x00000002   Code   RO         2078    i.HAL_CAN_SleepCallback  stm32f1xx_hal_can.o
    0x08003c4e   0x08003c4e   0x00000002   PAD
    0x08003c50   0x08003c50   0x00000058   Code   RO         2079    i.HAL_CAN_Start     stm32f1xx_hal_can.o
    0x08003ca8   0x08003ca8   0x00000002   Code   RO         2081    i.HAL_CAN_TxMailbox0AbortCallback  stm32f1xx_hal_can.o
    0x08003caa   0x08003caa   0x00000002   Code   RO         2082    i.HAL_CAN_TxMailbox0CompleteCallback  stm32f1xx_hal_can.o
    0x08003cac   0x08003cac   0x00000002   Code   RO         2083    i.HAL_CAN_TxMailbox1AbortCallback  stm32f1xx_hal_can.o
    0x08003cae   0x08003cae   0x00000002   Code   RO         2084    i.HAL_CAN_TxMailbox1CompleteCallback  stm32f1xx_hal_can.o
    0x08003cb0   0x08003cb0   0x00000002   Code   RO         2085    i.HAL_CAN_TxMailbox2AbortCallback  stm32f1xx_hal_can.o
    0x08003cb2   0x08003cb2   0x00000002   Code   RO         2086    i.HAL_CAN_TxMailbox2CompleteCallback  stm32f1xx_hal_can.o
    0x08003cb4   0x08003cb4   0x00000002   Code   RO         2088    i.HAL_CAN_WakeUpFromRxMsgCallback  stm32f1xx_hal_can.o
    0x08003cb6   0x08003cb6   0x00000046   Code   RO         1457    i.HAL_DMA_Abort     stm32f1xx_hal_dma.o
    0x08003cfc   0x08003cfc   0x00000130   Code   RO         1458    i.HAL_DMA_Abort_IT  stm32f1xx_hal_dma.o
    0x08003e2c   0x08003e2c   0x00000248   Code   RO         1462    i.HAL_DMA_IRQHandler  stm32f1xx_hal_dma.o
    0x08004074   0x08004074   0x0000007c   Code   RO         1463    i.HAL_DMA_Init      stm32f1xx_hal_dma.o
    0x080040f0   0x080040f0   0x00000024   Code   RO         1083    i.HAL_Delay         stm32f1xx_hal.o
    0x08004114   0x08004114   0x000001f8   Code   RO         1393    i.HAL_GPIO_Init     stm32f1xx_hal_gpio.o
    0x0800430c   0x0800430c   0x0000000a   Code   RO         1395    i.HAL_GPIO_ReadPin  stm32f1xx_hal_gpio.o
    0x08004316   0x08004316   0x00000010   Code   RO         1396    i.HAL_GPIO_TogglePin  stm32f1xx_hal_gpio.o
    0x08004326   0x08004326   0x0000000a   Code   RO         1397    i.HAL_GPIO_WritePin  stm32f1xx_hal_gpio.o
    0x08004330   0x08004330   0x0000000c   Code   RO         1087    i.HAL_GetTick       stm32f1xx_hal.o
    0x0800433c   0x0800433c   0x00000010   Code   RO         1093    i.HAL_IncTick       stm32f1xx_hal.o
    0x0800434c   0x0800434c   0x00000024   Code   RO         1094    i.HAL_Init          stm32f1xx_hal.o
    0x08004370   0x08004370   0x00000040   Code   RO         1095    i.HAL_InitTick      stm32f1xx_hal.o
    0x080043b0   0x080043b0   0x0000003c   Code   RO          561    i.HAL_MspInit       stm32f1xx_hal_msp.o
    0x080043ec   0x080043ec   0x0000001a   Code   RO         1553    i.HAL_NVIC_EnableIRQ  stm32f1xx_hal_cortex.o
    0x08004406   0x08004406   0x00000002   PAD
    0x08004408   0x08004408   0x00000040   Code   RO         1559    i.HAL_NVIC_SetPriority  stm32f1xx_hal_cortex.o
    0x08004448   0x08004448   0x00000024   Code   RO         1560    i.HAL_NVIC_SetPriorityGrouping  stm32f1xx_hal_cortex.o
    0x0800446c   0x0800446c   0x000000ec   Code   RO         1355    i.HAL_RCCEx_PeriphCLKConfig  stm32f1xx_hal_rcc_ex.o
    0x08004558   0x08004558   0x0000012c   Code   RO         1251    i.HAL_RCC_ClockConfig  stm32f1xx_hal_rcc.o
    0x08004684   0x08004684   0x00000020   Code   RO         1258    i.HAL_RCC_GetPCLK1Freq  stm32f1xx_hal_rcc.o
    0x080046a4   0x080046a4   0x00000020   Code   RO         1259    i.HAL_RCC_GetPCLK2Freq  stm32f1xx_hal_rcc.o
    0x080046c4   0x080046c4   0x0000004c   Code   RO         1260    i.HAL_RCC_GetSysClockFreq  stm32f1xx_hal_rcc.o
    0x08004710   0x08004710   0x00000320   Code   RO         1263    i.HAL_RCC_OscConfig  stm32f1xx_hal_rcc.o
    0x08004a30   0x08004a30   0x00000028   Code   RO         1564    i.HAL_SYSTICK_Config  stm32f1xx_hal_cortex.o
    0x08004a58   0x08004a58   0x00000054   Code   RO         2996    i.HAL_TIMEx_ConfigBreakDeadTime  stm32f1xx_hal_tim_ex.o
    0x08004aac   0x08004aac   0x0000007c   Code   RO         3012    i.HAL_TIMEx_MasterConfigSynchronization  stm32f1xx_hal_tim_ex.o
    0x08004b28   0x08004b28   0x0000005a   Code   RO         2289    i.HAL_TIM_Base_Init  stm32f1xx_hal_tim.o
    0x08004b82   0x08004b82   0x00000002   PAD
    0x08004b84   0x08004b84   0x00000040   Code   RO          336    i.HAL_TIM_Base_MspInit  tim.o
    0x08004bc4   0x08004bc4   0x000000dc   Code   RO         2298    i.HAL_TIM_ConfigClockSource  stm32f1xx_hal_tim.o
    0x08004ca0   0x08004ca0   0x000000a4   Code   RO         2310    i.HAL_TIM_Encoder_Init  stm32f1xx_hal_tim.o
    0x08004d44   0x08004d44   0x000000d0   Code   RO          338    i.HAL_TIM_Encoder_MspInit  tim.o
    0x08004e14   0x08004e14   0x0000008e   Code   RO         2313    i.HAL_TIM_Encoder_Start  stm32f1xx_hal_tim.o
    0x08004ea2   0x08004ea2   0x00000002   PAD
    0x08004ea4   0x08004ea4   0x00000090   Code   RO          339    i.HAL_TIM_MspPostInit  tim.o
    0x08004f34   0x08004f34   0x000000cc   Code   RO         2361    i.HAL_TIM_PWM_ConfigChannel  stm32f1xx_hal_tim.o
    0x08005000   0x08005000   0x0000005a   Code   RO         2364    i.HAL_TIM_PWM_Init  stm32f1xx_hal_tim.o
    0x0800505a   0x0800505a   0x00000002   Code   RO         2366    i.HAL_TIM_PWM_MspInit  stm32f1xx_hal_tim.o
    0x0800505c   0x0800505c   0x000000b4   Code   RO         2369    i.HAL_TIM_PWM_Start  stm32f1xx_hal_tim.o
    0x08005110   0x08005110   0x00000002   Code   RO         3272    i.HAL_UARTEx_RxEventCallback  stm32f1xx_hal_uart.o
    0x08005112   0x08005112   0x00000002   Code   RO         3286    i.HAL_UART_ErrorCallback  stm32f1xx_hal_uart.o
    0x08005114   0x08005114   0x0000026c   Code   RO         3289    i.HAL_UART_IRQHandler  stm32f1xx_hal_uart.o
    0x08005380   0x08005380   0x00000064   Code   RO         3290    i.HAL_UART_Init     stm32f1xx_hal_uart.o
    0x080053e4   0x080053e4   0x00000080   Code   RO          420    i.HAL_UART_MspInit  usart.o
    0x08005464   0x08005464   0x0000001c   Code   RO         3295    i.HAL_UART_Receive_IT  stm32f1xx_hal_uart.o
    0x08005480   0x08005480   0x00000014   Code   RO          421    i.HAL_UART_RxCpltCallback  usart.o
    0x08005494   0x08005494   0x000000a0   Code   RO         3298    i.HAL_UART_Transmit  stm32f1xx_hal_uart.o
    0x08005534   0x08005534   0x00000002   Code   RO         3301    i.HAL_UART_TxCpltCallback  stm32f1xx_hal_uart.o
    0x08005536   0x08005536   0x00000002   Code   RO          470    i.HardFault_Handler  stm32f1xx_it.o
    0x08005538   0x08005538   0x00000078   Code   RO          229    i.MX_ADC1_Init      adc.o
    0x080055b0   0x080055b0   0x00000044   Code   RO          271    i.MX_CAN_Init       can.o
    0x080055f4   0x080055f4   0x0000002c   Code   RO          311    i.MX_DMA_Init       dma.o
    0x08005620   0x08005620   0x000000b4   Code   RO          199    i.MX_GPIO_Init      gpio.o
    0x080056d4   0x080056d4   0x000000c8   Code   RO          340    i.MX_TIM1_Init      tim.o
    0x0800579c   0x0800579c   0x0000006c   Code   RO          341    i.MX_TIM2_Init      tim.o
    0x08005808   0x08005808   0x0000006c   Code   RO          342    i.MX_TIM3_Init      tim.o
    0x08005874   0x08005874   0x0000006c   Code   RO          343    i.MX_TIM4_Init      tim.o
    0x080058e0   0x080058e0   0x000000d8   Code   RO          344    i.MX_TIM8_Init      tim.o
    0x080059b8   0x080059b8   0x00000038   Code   RO          422    i.MX_USART1_UART_Init  usart.o
    0x080059f0   0x080059f0   0x00000002   Code   RO          471    i.MemManage_Handler  stm32f1xx_it.o
    0x080059f2   0x080059f2   0x00000002   PAD
    0x080059f4   0x080059f4   0x0000004c   Code   RO          723    i.Motor_SetDirection  motor_driver.o
    0x08005a40   0x08005a40   0x00000068   Code   RO          724    i.Motor_SetPWM      motor_driver.o
    0x08005aa8   0x08005aa8   0x00000002   Code   RO          472    i.NMI_Handler       stm32f1xx_it.o
    0x08005aaa   0x08005aaa   0x00000002   Code   RO          473    i.PendSV_Handler    stm32f1xx_it.o
    0x08005aac   0x08005aac   0x00000002   Code   RO          474    i.SVC_Handler       stm32f1xx_it.o
    0x08005aae   0x08005aae   0x00000004   Code   RO          475    i.SysTick_Handler   stm32f1xx_it.o
    0x08005ab2   0x08005ab2   0x0000007a   Code   RO           16    i.SystemClock_Config  main.o
    0x08005b2c   0x08005b2c   0x00000002   Code   RO         3624    i.SystemInit        system_stm32f1xx.o
    0x08005b2e   0x08005b2e   0x00000002   PAD
    0x08005b30   0x08005b30   0x0000009c   Code   RO         2382    i.TIM_Base_SetConfig  stm32f1xx_hal_tim.o
    0x08005bcc   0x08005bcc   0x0000001a   Code   RO         2383    i.TIM_CCxChannelCmd  stm32f1xx_hal_tim.o
    0x08005be6   0x08005be6   0x00000014   Code   RO         2393    i.TIM_ETR_SetConfig  stm32f1xx_hal_tim.o
    0x08005bfa   0x08005bfa   0x00000010   Code   RO         2394    i.TIM_ITRx_SetConfig  stm32f1xx_hal_tim.o
    0x08005c0a   0x08005c0a   0x00000002   PAD
    0x08005c0c   0x08005c0c   0x00000060   Code   RO         2395    i.TIM_OC1_SetConfig  stm32f1xx_hal_tim.o
    0x08005c6c   0x08005c6c   0x0000006c   Code   RO         2396    i.TIM_OC2_SetConfig  stm32f1xx_hal_tim.o
    0x08005cd8   0x08005cd8   0x00000068   Code   RO         2397    i.TIM_OC3_SetConfig  stm32f1xx_hal_tim.o
    0x08005d40   0x08005d40   0x00000050   Code   RO         2398    i.TIM_OC4_SetConfig  stm32f1xx_hal_tim.o
    0x08005d90   0x08005d90   0x00000022   Code   RO         2400    i.TIM_TI1_ConfigInputStage  stm32f1xx_hal_tim.o
    0x08005db2   0x08005db2   0x00000024   Code   RO         2402    i.TIM_TI2_ConfigInputStage  stm32f1xx_hal_tim.o
    0x08005dd6   0x08005dd6   0x00000010   Code   RO         3303    i.UART_DMAAbortOnError  stm32f1xx_hal_uart.o
    0x08005de6   0x08005de6   0x0000004e   Code   RO         3313    i.UART_EndRxTransfer  stm32f1xx_hal_uart.o
    0x08005e34   0x08005e34   0x000000c2   Code   RO         3315    i.UART_Receive_IT   stm32f1xx_hal_uart.o
    0x08005ef6   0x08005ef6   0x00000002   PAD
    0x08005ef8   0x08005ef8   0x000000b8   Code   RO         3316    i.UART_SetConfig    stm32f1xx_hal_uart.o
    0x08005fb0   0x08005fb0   0x00000036   Code   RO         3318    i.UART_Start_Receive_IT  stm32f1xx_hal_uart.o
    0x08005fe6   0x08005fe6   0x00000072   Code   RO         3319    i.UART_WaitOnFlagUntilTimeout  stm32f1xx_hal_uart.o
    0x08006058   0x08006058   0x0000000c   Code   RO          476    i.USART1_IRQHandler  stm32f1xx_it.o
    0x08006064   0x08006064   0x0000000c   Code   RO          477    i.USB_LP_CAN1_RX0_IRQHandler  stm32f1xx_it.o
    0x08006070   0x08006070   0x00000002   Code   RO          478    i.UsageFault_Handler  stm32f1xx_it.o
    0x08006072   0x08006072   0x00000028   Code   RO         3971    i.__ARM_fpclassify  m_ws.l(fpclassify.o)
    0x0800609a   0x0800609a   0x00000020   Code   RO         1566    i.__NVIC_SetPriority  stm32f1xx_hal_cortex.o
    0x080060ba   0x080060ba   0x0000000e   Code   RO         4084    i.__mathlib_dbl_overflow  m_ws.l(dunder.o)
    0x080060c8   0x080060c8   0x00000010   Code   RO         4086    i.__mathlib_dbl_underflow  m_ws.l(dunder.o)
    0x080060d8   0x080060d8   0x00000010   Code   RO         3989    i.__mathlib_narrow  m_ws.l(narrow.o)
    0x080060e8   0x080060e8   0x000000bc   Code   RO         3990    i.__mathlib_tofloat  m_ws.l(narrow.o)
    0x080061a4   0x080061a4   0x00000016   Code   RO         4040    i.__support_ldexp   m_ws.l(ldexp.o)
    0x080061ba   0x080061ba   0x0000000e   Code   RO         3774    i._is_digit         c_w.l(__printf_wp.o)
    0x080061c8   0x080061c8   0x0000002a   Code   RO         3701    i.atof              m_ws.l(atof.o)
    0x080061f2   0x080061f2   0x00000002   PAD
    0x080061f4   0x080061f4   0x00000058   Code   RO         4015    i.frexp             m_ws.l(frexp.o)
    0x0800624c   0x0800624c   0x00000074   Code   RO         4041    i.ldexp             m_ws.l(ldexp.o)
    0x080062c0   0x080062c0   0x00000224   Code   RO           17    i.main              main.o
    0x080064e4   0x080064e4   0x0000002c   Code   RO         3876    locale$$code        c_w.l(lc_ctype_c.o)
    0x08006510   0x08006510   0x0000002c   Code   RO         3879    locale$$code        c_w.l(lc_numeric_c.o)
    0x0800653c   0x0800653c   0x00000062   Code   RO         3684    x$fpl$d2f           fz_ws.l(d2f.o)
    0x0800659e   0x0800659e   0x00000002   PAD
    0x080065a0   0x080065a0   0x00000010   Code   RO         4078    x$fpl$dcheck1       fz_ws.l(dcheck1.o)
    0x080065b0   0x080065b0   0x00000018   Code   RO         4033    x$fpl$dcmpinf       fz_ws.l(dcmpi.o)
    0x080065c8   0x080065c8   0x00000078   Code   RO         4010    x$fpl$deqf          fz_ws.l(deqf.o)
    0x08006640   0x08006640   0x00000078   Code   RO         4035    x$fpl$dleqf         fz_ws.l(dleqf.o)
    0x080066b8   0x080066b8   0x0000009c   Code   RO         3811    x$fpl$dnaninf       fz_ws.l(dnaninf.o)
    0x08006754   0x08006754   0x0000000c   Code   RO         3813    x$fpl$dretinf       fz_ws.l(dretinf.o)
    0x08006760   0x08006760   0x0000006c   Code   RO         4012    x$fpl$drleqf        fz_ws.l(drleqf.o)
    0x080067cc   0x080067cc   0x00000056   Code   RO         3686    x$fpl$f2d           fz_ws.l(f2d.o)
    0x08006822   0x08006822   0x00000002   PAD
    0x08006824   0x08006824   0x00000184   Code   RO         3689    x$fpl$fdiv          fz_ws.l(fdiv.o)
    0x080069a8   0x080069a8   0x00000030   Code   RO         3693    x$fpl$fflt          fz_ws.l(fflt_clz.o)
    0x080069d8   0x080069d8   0x00000102   Code   RO         3698    x$fpl$fmul          fz_ws.l(fmul.o)
    0x08006ada   0x08006ada   0x0000008c   Code   RO         3815    x$fpl$fnaninf       fz_ws.l(fnaninf.o)
    0x08006b66   0x08006b66   0x0000000a   Code   RO         3817    x$fpl$fretinf       fz_ws.l(fretinf.o)
    0x08006b70   0x08006b70   0x00000006   Code   RO         3969    x$fpl$ieeestatus    fz_ws.l(istatus.o)
    0x08006b76   0x08006b76   0x00000004   Code   RO         3819    x$fpl$printf1       fz_ws.l(printf1.o)
    0x08006b7a   0x08006b7a   0x00000004   Code   RO         3821    x$fpl$printf2       fz_ws.l(printf2.o)
    0x08006b7e   0x08006b7e   0x00000064   Code   RO         4111    x$fpl$retnan        fz_ws.l(retnan.o)
    0x08006be2   0x08006be2   0x0000005c   Code   RO         4037    x$fpl$scalbn        fz_ws.l(scalbn.o)
    0x08006c3e   0x08006c3e   0x00000004   Code   RO         3881    x$fpl$scanf1        fz_ws.l(scanf1.o)
    0x08006c42   0x08006c42   0x00000008   Code   RO         3983    x$fpl$scanf2        fz_ws.l(scanf2.o)
    0x08006c4a   0x08006c4a   0x00000030   Code   RO         4117    x$fpl$trapveneer    fz_ws.l(trapv.o)
    0x08006c7a   0x08006c7a   0x00000000   Code   RO         3827    x$fpl$usenofp       fz_ws.l(usenofp.o)
    0x08006c7a   0x08006c7a   0x00000002   PAD
    0x08006c7c   0x08006c7c   0x000000b4   Data   RO          604    .constdata          debug_console.o
    0x08006d30   0x08006d30   0x00000012   Data   RO         1264    .constdata          stm32f1xx_hal_rcc.o
    0x08006d42   0x08006d42   0x00000010   Data   RO         3625    .constdata          system_stm32f1xx.o
    0x08006d52   0x08006d52   0x00000008   Data   RO         3626    .constdata          system_stm32f1xx.o
    0x08006d5a   0x08006d5a   0x00000002   PAD
    0x08006d5c   0x08006d5c   0x00000008   Data   RO         3733    .constdata          c_w.l(_printf_wctomb.o)
    0x08006d64   0x08006d64   0x00000028   Data   RO         3762    .constdata          c_w.l(_printf_hex_int_ll_ptr.o)
    0x08006d8c   0x08006d8c   0x00000011   Data   RO         3782    .constdata          c_w.l(__printf_flags_ss_wp.o)
    0x08006d9d   0x08006d9d   0x00000026   Data   RO         3860    .constdata          c_w.l(_printf_fp_hex.o)
    0x08006dc3   0x08006dc3   0x00000001   PAD
    0x08006dc4   0x08006dc4   0x00000094   Data   RO         3892    .constdata          c_w.l(bigflt0.o)
    0x08006e58   0x08006e58   0x00000158   Data   RO          605    .conststring        debug_console.o
    0x08006fb0   0x08006fb0   0x00000020   Data   RO         4135    Region$$Table       anon$$obj.o
    0x08006fd0   0x08006fd0   0x00000008   Data   RO         3977    c$$dinf             fz_ws.l(fpconst.o)
    0x08006fd8   0x08006fd8   0x00000008   Data   RO         3980    c$$dmax             fz_ws.l(fpconst.o)
    0x08006fe0   0x08006fe0   0x00000110   Data   RO         3875    locale$$data        c_w.l(lc_ctype_c.o)
    0x080070f0   0x080070f0   0x0000001c   Data   RO         3878    locale$$data        c_w.l(lc_numeric_c.o)


    Execution Region RW_IRAM1 (Exec base: 0x20000000, Load base: 0x0800710c, Size: 0x00000a90, Max: 0x00010000, ABSOLUTE)

    Exec Addr    Load Addr    Size         Type   Attr      Idx    E Section Name        Object

    0x20000000   0x0800710c   0x00000002   Data   RW           19    .data               main.o
    0x20000002   0x0800710e   0x00000001   Data   RW          606    .data               debug_console.o
    0x20000003   0x0800710f   0x00000001   PAD
    0x20000004   0x08007110   0x0000000c   Data   RW         1101    .data               stm32f1xx_hal.o
    0x20000010   0x0800711c   0x00000004   Data   RW         3627    .data               system_stm32f1xx.o
    0x20000014        -       0x000000cc   Zero   RW           18    .bss                main.o
    0x200000e0        -       0x00000074   Zero   RW          230    .bss                adc.o
    0x20000154        -       0x00000028   Zero   RW          272    .bss                can.o
    0x2000017c        -       0x00000168   Zero   RW          345    .bss                tim.o
    0x200002e4        -       0x00000048   Zero   RW          423    .bss                usart.o
    0x2000032c        -       0x00000100   Zero   RW          603    .bss                debug_console.o
    0x2000042c        -       0x00000060   Zero   RW         3829    .bss                c_w.l(libspace.o)
    0x2000048c   0x08007120   0x00000004   PAD
    0x20000490        -       0x00000200   Zero   RW            2    HEAP                startup_stm32f103xe.o
    0x20000690        -       0x00000400   Zero   RW            1    STACK               startup_stm32f103xe.o


==============================================================================

Image component sizes


      Code (inc. data)   RO Data    RW Data    ZI Data      Debug   Object Name

       264         32          0          0        116       1695   adc.o
       192         20          0          0         40       1567   can.o
      3012       1462        524          1        256      37141   debug_console.o
        44          4          0          0          0        714   dma.o
       180         16          0          0          0       4199   gpio.o
       674         72          0          2        204     517073   main.o
       180         18          0          0          0       1808   motor_driver.o
        64         26        304          0       1536        788   startup_stm32f103xe.o
       164         28          0         12          0       6337   stm32f1xx_hal.o
       626         28          0          0          0       3268   stm32f1xx_hal_adc.o
       904          0          0          0          0      10051   stm32f1xx_hal_can.o
       198         14          0          0          0      28803   stm32f1xx_hal_cortex.o
      1082         52          0          0          0       3411   stm32f1xx_hal_dma.o
       540         42          0          0          0       4028   stm32f1xx_hal_gpio.o
        60          8          0          0          0        830   stm32f1xx_hal_msp.o
      1240         84         18          0          0       4980   stm32f1xx_hal_rcc.o
       236         12          0          0          0       1340   stm32f1xx_hal_rcc_ex.o
      1768         78          0          0          0      14039   stm32f1xx_hal_tim.o
       208         20          0          0          0       2076   stm32f1xx_hal_tim_ex.o
      1554         10          0          0          0      10644   stm32f1xx_hal_uart.o
        56         18          0          0          0       4942   stm32f1xx_it.o
         2          0         24          4          0       1047   system_stm32f1xx.o
      1156        100          0          0        360       5810   tim.o
       204         26          0          0         72       2064   usart.o

    ----------------------------------------------------------------------
     14626       2170        904         20       2584     668655   Object Totals
         0          0         32          0          0          0   (incl. Generated)
        18          0          2          1          0          0   (incl. Padding)

    ----------------------------------------------------------------------

      Code (inc. data)   RO Data    RW Data    ZI Data      Debug   Library Member Name

         8          0          0          0          0         68   __main.o
       392          4         17          0          0         92   __printf_flags_ss_wp.o
        14          0          0          0          0         68   __printf_wp.o
         0          0          0          0          0          0   __rtentry.o
        12          0          0          0          0          0   __rtentry2.o
         6          0          0          0          0          0   __rtentry4.o
        52          8          0          0          0          0   __scatter.o
        26          0          0          0          0          0   __scatter_copy.o
        28          0          0          0          0          0   __scatter_zi.o
        28          0          0          0          0         68   _chval.o
         6          0          0          0          0          0   _printf_a.o
         6          0          0          0          0          0   _printf_c.o
        44          0          0          0          0        108   _printf_char.o
        48          6          0          0          0         96   _printf_char_common.o
        40          0          0          0          0         68   _printf_charcount.o
         6          0          0          0          0          0   _printf_d.o
       120         16          0          0          0         92   _printf_dec.o
         6          0          0          0          0          0   _printf_e.o
         6          0          0          0          0          0   _printf_f.o
      1054          0          0          0          0        216   _printf_fp_dec.o
       764          8         38          0          0        100   _printf_fp_hex.o
       128         16          0          0          0         84   _printf_fp_infnan.o
         6          0          0          0          0          0   _printf_g.o
       148          4         40          0          0        160   _printf_hex_int_ll_ptr.o
         6          0          0          0          0          0   _printf_i.o
       178          0          0          0          0         88   _printf_intcommon.o
        10          0          0          0          0          0   _printf_l.o
         6          0          0          0          0          0   _printf_lc.o
        10          0          0          0          0          0   _printf_ll.o
         6          0          0          0          0          0   _printf_lld.o
         6          0          0          0          0          0   _printf_lli.o
         6          0          0          0          0          0   _printf_llo.o
         6          0          0          0          0          0   _printf_llu.o
         6          0          0          0          0          0   _printf_llx.o
       124         16          0          0          0         92   _printf_longlong_dec.o
         6          0          0          0          0          0   _printf_ls.o
         6          0          0          0          0          0   _printf_n.o
         6          0          0          0          0          0   _printf_o.o
       112         10          0          0          0        124   _printf_oct_int_ll.o
         6          0          0          0          0          0   _printf_p.o
        78          0          0          0          0        108   _printf_pad.o
         0          0          0          0          0          0   _printf_percent.o
         4          0          0          0          0          0   _printf_percent_end.o
         6          0          0          0          0          0   _printf_s.o
        82          0          0          0          0         80   _printf_str.o
        36          0          0          0          0         84   _printf_truncate.o
         6          0          0          0          0          0   _printf_u.o
        44          0          0          0          0        108   _printf_wchar.o
       188          6          8          0          0         92   _printf_wctomb.o
         6          0          0          0          0          0   _printf_x.o
        22          0          0          0          0        100   _rserrno.o
        64          0          0          0          0         84   _sgetc.o
        16          0          0          0          0         68   _snputc.o
        10          0          0          0          0         68   _sputc.o
       158          0          0          0          0         92   _strtoul.o
        64          0          0          0          0         92   _wcrtomb.o
        26          0          0          0          0         80   atoi.o
       228          4        148          0          0         96   bigflt0.o
      2152        136          0          0          0        960   btod.o
        18          0          0          0          0         80   exit.o
         6          0          0          0          0        152   heapauxi.o
         0          0          0          0          0          0   indicate_semi.o
        18          0          0          0          0         76   isspace.o
        44         10        272          0          0         76   lc_ctype_c.o
        44         10         28          0          0         76   lc_numeric_c.o
         2          0          0          0          0          0   libinit.o
        30          0          0          0          0          0   libinit2.o
         2          0          0          0          0          0   libshutdown.o
         2          0          0          0          0          0   libshutdown2.o
         8          4          0          0         96         68   libspace.o
        38          0          0          0          0         68   llshl.o
       138          0          0          0          0         80   lludiv10.o
        16          4          0          0          0         76   rt_ctype_table.o
         8          4          0          0          0         68   rt_errno_addr_intlibspace.o
         8          4          0          0          0         68   rt_locale_intlibspace.o
        68          0          0          0          0         68   rt_memclr.o
        78          0          0          0          0         80   rt_memclr_w.o
       138          0          0          0          0         68   rt_memcpy_v6.o
       100          0          0          0          0         80   rt_memcpy_w.o
         2          0          0          0          0          0   rtexit.o
        10          0          0          0          0          0   rtexit2.o
      1272         16          0          0          0        168   scanf_fp.o
       800         14          0          0          0        100   scanf_hexfp.o
       308         16          0          0          0        100   scanf_infnan.o
       128          0          0          0          0         68   strcmpv7m.o
        62          0          0          0          0         76   strlen.o
       164         14          0          0          0        120   strtod.o
       112          0          0          0          0         88   strtol.o
        12          4          0          0          0         68   sys_exit.o
        74          0          0          0          0         80   sys_stackheap_outer.o
        26          0          0          0          0         76   tolower.o
         2          0          0          0          0         68   use_no_semi.o
        52          4          0          0          0         80   vsnprintf.o
        98          4          0          0          0         92   d2f.o
        16          4          0          0          0         68   dcheck1.o
        24          0          0          0          0         68   dcmpi.o
       120          4          0          0          0         92   deqf.o
       120          4          0          0          0         92   dleqf.o
       156          4          0          0          0         92   dnaninf.o
        12          0          0          0          0         68   dretinf.o
       108          0          0          0          0         80   drleqf.o
        86          4          0          0          0         84   f2d.o
       388         76          0          0          0         96   fdiv.o
        48          0          0          0          0         68   fflt_clz.o
       258          4          0          0          0         84   fmul.o
       140          4          0          0          0         84   fnaninf.o
         0          0         16          0          0          0   fpconst.o
        10          0          0          0          0         68   fretinf.o
         6          0          0          0          0         68   istatus.o
         4          0          0          0          0         68   printf1.o
         4          0          0          0          0         68   printf2.o
       100          0          0          0          0         68   retnan.o
        92          0          0          0          0         68   scalbn.o
         4          0          0          0          0         68   scanf1.o
         8          0          0          0          0         84   scanf2.o
        48          0          0          0          0         68   trapv.o
         0          0          0          0          0          0   usenofp.o
        42          0          0          0          0         84   atof.o
        30          6          0          0          0        136   dunder.o
        40          0          0          0          0         68   fpclassify.o
        88          8          0          0          0         76   frexp.o
       138          0          0          0          0        160   ldexp.o
       204          4          0          0          0        168   narrow.o

    ----------------------------------------------------------------------
     12842        464        568          0        100       8300   Library Totals
        22          0          1          0          4          0   (incl. Padding)

    ----------------------------------------------------------------------

      Code (inc. data)   RO Data    RW Data    ZI Data      Debug   Library Name

     10428        338        551          0         96       5912   c_w.l
      1850        108         16          0          0       1696   fz_ws.l
       542         18          0          0          0        692   m_ws.l

    ----------------------------------------------------------------------
     12842        464        568          0        100       8300   Library Totals

    ----------------------------------------------------------------------

==============================================================================


      Code (inc. data)   RO Data    RW Data    ZI Data      Debug   

     27468       2634       1472         20       2684     665615   Grand Totals
     27468       2634       1472         20       2684     665615   ELF Image Totals
     27468       2634       1472         20          0          0   ROM Totals

==============================================================================

    Total RO  Size (Code + RO Data)                28940 (  28.26kB)
    Total RW  Size (RW Data + ZI Data)              2704 (   2.64kB)
    Total ROM Size (Code + RO Data + RW Data)      28960 (  28.28kB)

==============================================================================

